Apr 11 19:49:46 localhost systemd-logind[840]: System is rebooting.
Apr 11 19:49:46 localhost systemd[1]: Stopping Daemon for power management...
Apr 11 19:49:46 localhost systemd[1]: Stopped target rpc_pipefs.target.
Apr 11 19:49:46 localhost systemd[1]: Stopping LVM2 PV scan on device 8:2...
Apr 11 19:49:46 localhost systemd[1]: Stopping Manage, Install and Generate Color Profiles...
Apr 11 19:49:46 localhost systemd[1]: Stopping Session 2 of user user.
Apr 11 19:49:46 localhost systemd[1]: Stopping SSSD Kerberos Cache Manager...
Apr 11 19:49:46 localhost systemd[1]: Stopping Thunderbolt system service...
Apr 11 19:49:46 localhost systemd[1]: Stopping Location Lookup Service...
Apr 11 19:49:46 localhost sssd[kcm][1606]: Shutting down
Apr 11 19:49:46 localhost systemd[1]: Unmounting RPC Pipe File System...
Apr 11 19:49:46 localhost systemd[1]: Stopped target Timers.
Apr 11 19:49:46 localhost systemd[1]: Stopped Updates mlocate database every day.
Apr 11 19:49:46 localhost systemd[1]: Stopped daily update of the root trust anchor for DNSSEC.
Apr 11 19:49:46 localhost chronyd[775]: chronyd exiting
Apr 11 19:49:46 localhost systemd[1]: Stopping CUPS Scheduler...
Apr 11 19:49:46 localhost avahi-daemon[728]: Got SIGTERM, quitting.
Apr 11 19:49:46 localhost systemd[1]: Stopped Daily Cleanup of Temporary Directories.
Apr 11 19:49:46 localhost avahi-daemon[728]: Leaving mDNS multicast group on interface ens33.IPv6 with address fe80::7a9:5257:538f:8ac6.
Apr 11 19:49:46 localhost systemd[1]: Stopped target Graphical Interface.
Apr 11 19:49:46 localhost ModemManager[740]: <info>  Caught signal, shutting down...
Apr 11 19:49:46 localhost systemd[1]: Stopping RealtimeKit Scheduling Policy Service...
Apr 11 19:49:46 localhost ModemManager[740]: <info>  ModemManager is shut down
Apr 11 19:49:46 localhost systemd[1]: Stopping GNOME Display Manager...
Apr 11 19:49:46 localhost avahi-daemon[728]: Leaving mDNS multicast group on interface ens33.IPv4 with address 192.168.91.128.
Apr 11 19:49:46 localhost systemd[1]: Stopping Accounts Service...
Apr 11 19:49:46 localhost systemd[1]: user-runtime-dir@1002.service: Unit not needed anymore. Stopping.
Apr 11 19:49:46 localhost systemd[1]: Stopping User Manager for UID 1002...
Apr 11 19:49:46 localhost systemd[1]: Stopping Restore /run/initramfs on shutdown...
Apr 11 19:49:46 localhost systemd[1]: Closed LVM2 poll daemon socket.
Apr 11 19:49:46 localhost journal[741]: udisks daemon version 2.8.1 exiting
Apr 11 19:49:46 localhost systemd[1]: Stopping Disk Manager...
Apr 11 19:49:46 localhost systemd[1]: Stopped target Multi-User System.
Apr 11 19:49:46 localhost systemd[1]: Stopping Deferred execution scheduler...
Apr 11 19:49:46 localhost systemd[1]: Stopping Modem Manager...
Apr 11 19:49:46 localhost systemd[1]: Stopping Command Scheduler...
Apr 11 19:49:46 localhost systemd[1]: Stopping NTP client/server...
Apr 11 19:49:46 localhost systemd[1]: Stopping ABRT kernel log watcher...
Apr 11 19:49:46 localhost systemd[1]: Stopping Hardware RNG Entropy Gatherer Daemon...
Apr 11 19:49:46 localhost systemd[1]: Stopping Machine Check Exception Logging Daemon...
Apr 11 19:49:46 localhost systemd[1357]: Stopping Virtual filesystem service - Media Transfer Protocol monitor...
Apr 11 19:49:46 localhost audit[1]: SERVICE_START pid=1 uid=0 auid=4294967295 ses=4294967295 subj=system_u:system_r:init_t:s0 msg='unit=NetworkManager-wait-online comm="systemd" exe="/usr/lib/systemd/systemd" hostname=? addr=? terminal=? res=success'
Apr 11 19:49:46 localhost audit[1]: SERVICE_STOP pid=1 uid=0 auid=4294967295 ses=4294967295 subj=system_u:system_r:init_t:s0 msg='unit=NetworkManager-wait-online comm="systemd" exe="/usr/lib/systemd/systemd" hostname=? addr=? terminal=? res=success'
Apr 11 19:49:46 localhost avahi-daemon[728]: avahi-daemon 0.7 exiting.
Apr 11 19:49:46 localhost NetworkManager[872]: <info>  [1555037386.5117] modem-manager: ModemManager no longer available
Apr 11 19:49:46 localhost systemd[1]: Stopping Avahi mDNS/DNS-SD Stack...
Apr 11 19:49:46 localhost systemd[1357]: Stopping Evolution source registry...
Apr 11 19:49:46 localhost systemd[1357]: Stopping Accessibility services bus...
Apr 11 19:49:46 localhost systemd[1357]: Stopping Evolution address book service...
Apr 11 19:49:46 localhost systemd[1357]: Stopping GNOME Terminal Server...
Apr 11 19:49:46 localhost systemd[1357]: Stopping Virtual filesystem service...
Apr 11 19:49:46 localhost systemd[1357]: Stopping sandboxed app permission store...
Apr 11 19:49:46 localhost systemd[1357]: Stopping Virtual filesystem service - GNOME Online Accounts monitor...
Apr 11 19:49:46 localhost systemd[1357]: Stopping Evolution calendar service...
Apr 11 19:49:46 localhost systemd[1357]: Stopping Virtual filesystem service - Apple File Conduit monitor...
Apr 11 19:49:46 localhost systemd[1357]: Stopping D-Bus User Message Bus...
Apr 11 19:49:46 localhost systemd[1357]: Stopping Virtual filesystem service - digital camera monitor...
Apr 11 19:49:46 localhost systemd[1]: Stopping Virtualization daemon...
Apr 11 19:49:46 localhost systemd[1]: Stopped target Network is Online.
Apr 11 19:49:46 localhost systemd[1]: Stopped Network Manager Wait Online.
Apr 11 19:49:46 localhost systemd[1357]: Stopping Tracker metadata database store and lookup manager...
Apr 11 19:49:46 localhost systemd[1357]: Stopping Virtual filesystem service - disk device monitor...
Apr 11 19:49:46 localhost systemd[1357]: Stopped target Default.
Apr 11 19:49:46 localhost systemd[1357]: Stopping Sound Service...
Apr 11 19:49:46 localhost systemd[1357]: Stopped Virtual filesystem service.
Apr 11 19:49:46 localhost systemd[1357]: Stopped sandboxed app permission store.
Apr 11 19:49:46 localhost systemd[1357]: Stopped Evolution source registry.
Apr 11 19:49:46 localhost systemd[1357]: Stopped Virtual filesystem service - disk device monitor.
Apr 11 19:49:46 localhost systemd[1357]: Stopped Virtual filesystem service - Media Transfer Protocol monitor.
Apr 11 19:49:46 localhost systemd[1357]: Stopped Virtual filesystem service - digital camera monitor.
Apr 11 19:49:46 localhost systemd[1357]: Stopped Virtual filesystem service - Apple File Conduit monitor.
Apr 11 19:49:46 localhost systemd[1]: Stopping Service for virtual machines hosted on VMware...
Apr 11 19:49:46 localhost systemd[1]: Stopped target Login Prompts.
Apr 11 19:49:46 localhost systemd[1]: Stopped dnf makecache --timer.
Apr 11 19:49:46 localhost systemd[1]: Stopping ABRT Xorg log watcher...
Apr 11 19:49:46 localhost systemd[1]: Stopping System Logging Service...
Apr 11 19:49:46 localhost systemd[1]: Stopping PackageKit Daemon...
Apr 11 19:49:46 localhost systemd[1]: Stopping Creates ABRT problems from coredumpctl messages...
Apr 11 19:49:46 localhost systemd[1]: Stopping SYSV: Late init script for live image....
Apr 11 19:49:46 localhost systemd[1]: Removed slice system-systemd\x2dhibernate\x2dresume.slice.
Apr 11 19:49:46 localhost systemd[1357]: Stopped Virtual filesystem service - GNOME Online Accounts monitor.
Apr 11 19:49:46 localhost systemd[1357]: Stopped Evolution calendar service.
Apr 11 19:49:46 localhost systemd[1]: Removed slice system-getty.slice.
Apr 11 19:49:46 localhost tracker-store[1836]: Received signal:15->'Terminated'
Apr 11 19:49:46 localhost tracker-store[1836]: OK
Apr 11 19:49:46 localhost systemd[1357]: Stopped Evolution address book service.
Apr 11 19:49:46 localhost systemd[1357]: Stopped GNOME Terminal Server.
Apr 11 19:49:46 localhost systemd[1357]: Stopped Tracker metadata database store and lookup manager.
Apr 11 19:49:46 localhost pulseaudio[1370]: W: [pulseaudio] module-x11-publish.c: PulseAudio information vanished from X11!
Apr 11 19:49:46 localhost pulseaudio[1370]: XIO:  fatal IO error 1 (Operation not permitted) on X server ":0"
Apr 11 19:49:46 localhost pulseaudio[1370]:      after 17 requests (17 known processed) with 0 events remaining.
Apr 11 19:49:46 localhost systemd[1357]: pulseaudio.service: Main process exited, code=exited, status=1/FAILURE
Apr 11 19:49:46 localhost systemd[1357]: pulseaudio.service: Failed with result 'exit-code'.
Apr 11 19:49:46 localhost systemd[1357]: Stopped Sound Service.
Apr 11 19:49:46 localhost systemd[1357]: Stopped D-Bus User Message Bus.
Apr 11 19:49:46 localhost systemd[1]: Unmounted /run/user/1002/gvfs.
Apr 11 19:49:46 localhost systemd[1]: Stopped Avahi mDNS/DNS-SD Stack.
Apr 11 19:49:46 localhost audit[1]: SERVICE_START pid=1 uid=0 auid=4294967295 ses=4294967295 subj=system_u:system_r:init_t:s0 msg='unit=avahi-daemon comm="systemd" exe="/usr/lib/systemd/systemd" hostname=? addr=? terminal=? res=success'
Apr 11 19:49:46 localhost audit[1]: SERVICE_STOP pid=1 uid=0 auid=4294967295 ses=4294967295 subj=system_u:system_r:init_t:s0 msg='unit=avahi-daemon comm="systemd" exe="/usr/lib/systemd/systemd" hostname=? addr=? terminal=? res=success'
Apr 11 19:49:46 localhost systemd[1]: Stopped Hardware RNG Entropy Gatherer Daemon.
Apr 11 19:49:46 localhost audit[1]: SERVICE_START pid=1 uid=0 auid=4294967295 ses=4294967295 subj=system_u:system_r:init_t:s0 msg='unit=rngd comm="systemd" exe="/usr/lib/systemd/systemd" hostname=? addr=? terminal=? res=success'
Apr 11 19:49:46 localhost audit[1]: SERVICE_STOP pid=1 uid=0 auid=4294967295 ses=4294967295 subj=system_u:system_r:init_t:s0 msg='unit=rngd comm="systemd" exe="/usr/lib/systemd/systemd" hostname=? addr=? terminal=? res=success'
Apr 11 19:49:46 localhost systemd[1]: Stopped RealtimeKit Scheduling Policy Service.
Apr 11 19:49:46 localhost audit[1]: SERVICE_START pid=1 uid=0 auid=4294967295 ses=4294967295 subj=system_u:system_r:init_t:s0 msg='unit=rtkit-daemon comm="systemd" exe="/usr/lib/systemd/systemd" hostname=? addr=? terminal=? res=success'
Apr 11 19:49:46 localhost audit[1]: SERVICE_STOP pid=1 uid=0 auid=4294967295 ses=4294967295 subj=system_u:system_r:init_t:s0 msg='unit=rtkit-daemon comm="systemd" exe="/usr/lib/systemd/systemd" hostname=? addr=? terminal=? res=success'
Apr 11 19:49:46 localhost audit[1]: SERVICE_START pid=1 uid=0 auid=4294967295 ses=4294967295 subj=system_u:system_r:init_t:s0 msg='unit=ModemManager comm="systemd" exe="/usr/lib/systemd/systemd" hostname=? addr=? terminal=? res=success'
Apr 11 19:49:46 localhost systemd[1]: Stopped Modem Manager.
Apr 11 19:49:46 localhost at-spi-bus-launcher[1501]: Failed to launch bus: Failed to execute child process ?/usr/bin/dbus-broker-launch? (No such file or directory)
Apr 11 19:49:46 localhost systemd[1357]: at-spi-dbus-bus.service: Main process exited, code=exited, status=1/FAILURE
Apr 11 19:49:46 localhost systemd[1357]: at-spi-dbus-bus.service: Failed with result 'exit-code'.
Apr 11 19:49:46 localhost systemd[1357]: Stopped Accessibility services bus.
Apr 11 19:49:46 localhost systemd[1357]: Stopped target Basic System.
Apr 11 19:49:46 localhost systemd[1357]: Stopped target Timers.
Apr 11 19:49:46 localhost systemd[1357]: Stopped Mark boot as successful after the user session has run 2 minutes.
Apr 11 19:49:46 localhost systemd[1357]: Stopped target Sockets.
Apr 11 19:49:46 localhost systemd[1357]: Closed Sound System.
Apr 11 19:49:46 localhost systemd[1357]: Stopped target Paths.
Apr 11 19:49:46 localhost systemd[1357]: Closed D-Bus User Message Bus Socket.
Apr 11 19:49:46 localhost systemd[1357]: Reached target Shutdown.
Apr 11 19:49:46 localhost audit[1]: SERVICE_STOP pid=1 uid=0 auid=4294967295 ses=4294967295 subj=system_u:system_r:init_t:s0 msg='unit=ModemManager comm="systemd" exe="/usr/lib/systemd/systemd" hostname=? addr=? terminal=? res=success'
Apr 11 19:49:46 localhost audit[1]: SERVICE_START pid=1 uid=0 auid=4294967295 ses=4294967295 subj=system_u:system_r:init_t:s0 msg='unit=udisks2 comm="systemd" exe="/usr/lib/systemd/systemd" hostname=? addr=? terminal=? res=success'
Apr 11 19:49:46 localhost audit[1]: SERVICE_STOP pid=1 uid=0 auid=4294967295 ses=4294967295 subj=system_u:system_r:init_t:s0 msg='unit=udisks2 comm="systemd" exe="/usr/lib/systemd/systemd" hostname=? addr=? terminal=? res=success'
Apr 11 19:49:46 localhost systemd[1357]: Starting Exit the Session...
Apr 11 19:49:46 localhost systemd[1]: Stopped Disk Manager.
Apr 11 19:49:46 localhost systemd[1]: Stopped Service for virtual machines hosted on VMware.
Apr 11 19:49:46 localhost rsyslogd[4843]: [origin software="rsyslogd" swVersion="8.39.0" x-pid="4843" x-info="http://www.rsyslog.com"] exiting on signal 15.
Apr 11 19:49:46 localhost audit[1]: SERVICE_START pid=1 uid=0 auid=4294967295 ses=4294967295 subj=system_u:system_r:init_t:s0 msg='unit=vmtoolsd comm="systemd" exe="/usr/lib/systemd/systemd" hostname=? addr=? terminal=? res=success'
Apr 11 19:49:46 localhost audit[1]: SERVICE_STOP pid=1 uid=0 auid=4294967295 ses=4294967295 subj=system_u:system_r:init_t:s0 msg='unit=vmtoolsd comm="systemd" exe="/usr/lib/systemd/systemd" hostname=? addr=? terminal=? res=success'
Apr 11 19:49:46 localhost systemd[1]: Stopped Machine Check Exception Logging Daemon.
Apr 11 19:49:46 localhost audit[1]: SERVICE_START pid=1 uid=0 auid=4294967295 ses=4294967295 subj=system_u:system_r:init_t:s0 msg='unit=mcelog comm="systemd" exe="/usr/lib/systemd/systemd" hostname=? addr=? terminal=? res=success'
Apr 11 19:49:46 localhost audit[1]: SERVICE_STOP pid=1 uid=0 auid=4294967295 ses=4294967295 subj=system_u:system_r:init_t:s0 msg='unit=mcelog comm="systemd" exe="/usr/lib/systemd/systemd" hostname=? addr=? terminal=? res=success'
Apr 11 19:49:46 localhost audit[1]: SERVICE_START pid=1 uid=0 auid=4294967295 ses=4294967295 subj=system_u:system_r:init_t:s0 msg='unit=chronyd comm="systemd" exe="/usr/lib/systemd/systemd" hostname=? addr=? terminal=? res=success'
Apr 11 19:49:46 localhost systemd[1]: Stopped NTP client/server.
Apr 11 19:49:46 localhost audit[1]: SERVICE_STOP pid=1 uid=0 auid=4294967295 ses=4294967295 subj=system_u:system_r:init_t:s0 msg='unit=chronyd comm="systemd" exe="/usr/lib/systemd/systemd" hostname=? addr=? terminal=? res=success'
Apr 11 19:49:46 localhost systemd[1]: Stopped Creates ABRT problems from coredumpctl messages.
Apr 11 19:49:46 localhost audit[1]: SERVICE_START pid=1 uid=0 auid=4294967295 ses=4294967295 subj=system_u:system_r:init_t:s0 msg='unit=abrt-journal-core comm="systemd" exe="/usr/lib/systemd/systemd" hostname=? addr=? terminal=? res=success'
Apr 11 19:49:46 localhost audit[1]: SERVICE_STOP pid=1 uid=0 auid=4294967295 ses=4294967295 subj=system_u:system_r:init_t:s0 msg='unit=abrt-journal-core comm="systemd" exe="/usr/lib/systemd/systemd" hostname=? addr=? terminal=? res=success'
Apr 11 19:49:46 localhost audit[1]: SERVICE_START pid=1 uid=0 auid=4294967295 ses=4294967295 subj=system_u:system_r:init_t:s0 msg='unit=abrt-xorg comm="systemd" exe="/usr/lib/systemd/systemd" hostname=? addr=? terminal=? res=success'
Apr 11 19:49:46 localhost systemd[1]: Stopped ABRT Xorg log watcher.
Apr 11 19:49:46 localhost audit[1]: SERVICE_STOP pid=1 uid=0 auid=4294967295 ses=4294967295 subj=system_u:system_r:init_t:s0 msg='unit=abrt-xorg comm="systemd" exe="/usr/lib/systemd/systemd" hostname=? addr=? terminal=? res=success'
Apr 11 19:49:46 localhost systemd[1]: Stopped ABRT kernel log watcher.
Apr 11 19:49:46 localhost audit[1]: SERVICE_START pid=1 uid=0 auid=4294967295 ses=4294967295 subj=system_u:system_r:init_t:s0 msg='unit=abrt-oops comm="systemd" exe="/usr/lib/systemd/systemd" hostname=? addr=? terminal=? res=success'
Apr 11 19:49:46 localhost audit[1]: SERVICE_STOP pid=1 uid=0 auid=4294967295 ses=4294967295 subj=system_u:system_r:init_t:s0 msg='unit=abrt-oops comm="systemd" exe="/usr/lib/systemd/systemd" hostname=? addr=? terminal=? res=success'
Apr 11 19:49:46 localhost systemd[1]: Stopped Accounts Service.
Apr 11 19:49:46 localhost audit[1]: SERVICE_START pid=1 uid=0 auid=4294967295 ses=4294967295 subj=system_u:system_r:init_t:s0 msg='unit=accounts-daemon comm="systemd" exe="/usr/lib/systemd/systemd" hostname=? addr=? terminal=? res=success'
Apr 11 19:49:46 localhost audit[1]: SERVICE_STOP pid=1 uid=0 auid=4294967295 ses=4294967295 subj=system_u:system_r:init_t:s0 msg='unit=accounts-daemon comm="systemd" exe="/usr/lib/systemd/systemd" hostname=? addr=? terminal=? res=success'
Apr 11 19:49:46 localhost audit[1]: SERVICE_START pid=1 uid=0 auid=4294967295 ses=4294967295 subj=system_u:system_r:init_t:s0 msg='unit=libvirtd comm="systemd" exe="/usr/lib/systemd/systemd" hostname=? addr=? terminal=? res=success'
Apr 11 19:49:46 localhost audit[1]: SERVICE_STOP pid=1 uid=0 auid=4294967295 ses=4294967295 subj=system_u:system_r:init_t:s0 msg='unit=libvirtd comm="systemd" exe="/usr/lib/systemd/systemd" hostname=? addr=? terminal=? res=success'
Apr 11 19:49:46 localhost systemd[1]: Stopped Virtualization daemon.
Apr 11 19:49:46 localhost systemd[1]: Stopped CUPS Scheduler.
Apr 11 19:49:46 localhost audit[1]: SERVICE_START pid=1 uid=0 auid=4294967295 ses=4294967295 subj=system_u:system_r:init_t:s0 msg='unit=cups comm="systemd" exe="/usr/lib/systemd/systemd" hostname=? addr=? terminal=? res=success'
Apr 11 19:49:46 localhost audit[1]: SERVICE_STOP pid=1 uid=0 auid=4294967295 ses=4294967295 subj=system_u:system_r:init_t:s0 msg='unit=cups comm="systemd" exe="/usr/lib/systemd/systemd" hostname=? addr=? terminal=? res=success'
Apr 11 19:49:46 localhost systemd[1]: Stopped Deferred execution scheduler.
Apr 11 19:49:46 localhost audit[1]: SERVICE_START pid=1 uid=0 auid=4294967295 ses=4294967295 subj=system_u:system_r:init_t:s0 msg='unit=atd comm="systemd" exe="/usr/lib/systemd/systemd" hostname=? addr=? terminal=? res=success'
Apr 11 19:49:46 localhost audit[1]: SERVICE_STOP pid=1 uid=0 auid=4294967295 ses=4294967295 subj=system_u:system_r:init_t:s0 msg='unit=atd comm="systemd" exe="/usr/lib/systemd/systemd" hostname=? addr=? terminal=? res=success'
Apr 11 19:49:46 localhost systemd[1]: Stopped Command Scheduler.
Apr 11 19:49:46 localhost audit[1]: SERVICE_START pid=1 uid=0 auid=4294967295 ses=4294967295 subj=system_u:system_r:init_t:s0 msg='unit=crond comm="systemd" exe="/usr/lib/systemd/systemd" hostname=? addr=? terminal=? res=success'
Apr 11 19:49:46 localhost audit[1]: SERVICE_STOP pid=1 uid=0 auid=4294967295 ses=4294967295 subj=system_u:system_r:init_t:s0 msg='unit=crond comm="systemd" exe="/usr/lib/systemd/systemd" hostname=? addr=? terminal=? res=success'
Apr 11 19:49:46 localhost systemd[1]: Stopped Daemon for power management.
Apr 11 19:49:46 localhost audit[1]: SERVICE_START pid=1 uid=0 auid=4294967295 ses=4294967295 subj=system_u:system_r:init_t:s0 msg='unit=upower comm="systemd" exe="/usr/lib/systemd/systemd" hostname=? addr=? terminal=? res=success'
Apr 11 19:49:46 localhost audit[1]: SERVICE_STOP pid=1 uid=0 auid=4294967295 ses=4294967295 subj=system_u:system_r:init_t:s0 msg='unit=upower comm="systemd" exe="/usr/lib/systemd/systemd" hostname=? addr=? terminal=? res=success'
Apr 11 19:49:46 localhost systemd[1]: Stopped Manage, Install and Generate Color Profiles.
Apr 11 19:49:46 localhost audit[1]: SERVICE_START pid=1 uid=0 auid=4294967295 ses=4294967295 subj=system_u:system_r:init_t:s0 msg='unit=colord comm="systemd" exe="/usr/lib/systemd/systemd" hostname=? addr=? terminal=? res=success'
Apr 11 19:49:46 localhost audit[1]: SERVICE_STOP pid=1 uid=0 auid=4294967295 ses=4294967295 subj=system_u:system_r:init_t:s0 msg='unit=colord comm="systemd" exe="/usr/lib/systemd/systemd" hostname=? addr=? terminal=? res=success'
Apr 11 19:49:46 localhost systemd[1]: Stopped User Manager for UID 1002.
Apr 11 19:49:46 localhost systemd[1]: user-runtime-dir@1002.service: Unit not needed anymore. Stopping.
Apr 11 19:49:46 localhost audit[1]: SERVICE_START pid=1 uid=0 auid=4294967295 ses=4294967295 subj=system_u:system_r:init_t:s0 msg='unit=user@1002 comm="systemd" exe="/usr/lib/systemd/systemd" hostname=? addr=? terminal=? res=success'
Apr 11 19:49:46 localhost audit[1]: SERVICE_STOP pid=1 uid=0 auid=4294967295 ses=4294967295 subj=system_u:system_r:init_t:s0 msg='unit=user@1002 comm="systemd" exe="/usr/lib/systemd/systemd" hostname=? addr=? terminal=? res=success'
Apr 11 19:49:46 localhost systemd[1]: Stopped Location Lookup Service.
Apr 11 19:49:46 localhost audit[1]: SERVICE_START pid=1 uid=0 auid=4294967295 ses=4294967295 subj=system_u:system_r:init_t:s0 msg='unit=geoclue comm="systemd" exe="/usr/lib/systemd/systemd" hostname=? addr=? terminal=? res=success'
Apr 11 19:49:46 localhost audit[1]: SERVICE_STOP pid=1 uid=0 auid=4294967295 ses=4294967295 subj=system_u:system_r:init_t:s0 msg='unit=geoclue comm="systemd" exe="/usr/lib/systemd/systemd" hostname=? addr=? terminal=? res=success'
Apr 11 19:49:46 localhost systemd[1]: Stopped SSSD Kerberos Cache Manager.
Apr 11 19:49:46 localhost audit[1]: SERVICE_START pid=1 uid=0 auid=4294967295 ses=4294967295 subj=system_u:system_r:init_t:s0 msg='unit=sssd-kcm comm="systemd" exe="/usr/lib/systemd/systemd" hostname=? addr=? terminal=? res=success'
Apr 11 19:49:46 localhost audit[1]: SERVICE_STOP pid=1 uid=0 auid=4294967295 ses=4294967295 subj=system_u:system_r:init_t:s0 msg='unit=sssd-kcm comm="systemd" exe="/usr/lib/systemd/systemd" hostname=? addr=? terminal=? res=success'
Apr 11 19:49:46 localhost systemd[1]: Stopped Thunderbolt system service.
Apr 11 19:49:46 localhost audit[1]: SERVICE_START pid=1 uid=0 auid=4294967295 ses=4294967295 subj=system_u:system_r:init_t:s0 msg='unit=bolt comm="systemd" exe="/usr/lib/systemd/systemd" hostname=? addr=? terminal=? res=success'
Apr 11 19:49:46 localhost audit[1]: SERVICE_STOP pid=1 uid=0 auid=4294967295 ses=4294967295 subj=system_u:system_r:init_t:s0 msg='unit=bolt comm="systemd" exe="/usr/lib/systemd/systemd" hostname=? addr=? terminal=? res=success'
Apr 11 19:49:46 localhost systemd[1]: Stopped System Logging Service.
Apr 11 19:49:46 localhost audit[1]: SERVICE_STOP pid=1 uid=0 auid=4294967295 ses=4294967295 subj=system_u:system_r:init_t:s0 msg='unit=rsyslog comm="systemd" exe="/usr/lib/systemd/systemd" hostname=? addr=? terminal=? res=success'
Apr 11 19:49:46 localhost systemd[1]: Stopped PackageKit Daemon.
Apr 11 19:49:46 localhost audit[1]: SERVICE_STOP pid=1 uid=0 auid=4294967295 ses=4294967295 subj=system_u:system_r:init_t:s0 msg='unit=packagekit comm="systemd" exe="/usr/lib/systemd/systemd" hostname=? addr=? terminal=? res=success'
Apr 11 19:49:46 localhost systemd[1]: Stopped LVM2 PV scan on device 8:2.
Apr 11 19:49:46 localhost audit[1]: SERVICE_START pid=1 uid=0 auid=4294967295 ses=4294967295 subj=system_u:system_r:init_t:s0 msg='unit=lvm2-pvscan@8:2 comm="systemd" exe="/usr/lib/systemd/systemd" hostname=? addr=? terminal=? res=success'
Apr 11 19:49:46 localhost audit[1]: SERVICE_STOP pid=1 uid=0 auid=4294967295 ses=4294967295 subj=system_u:system_r:init_t:s0 msg='unit=lvm2-pvscan@8:2 comm="systemd" exe="/usr/lib/systemd/systemd" hostname=? addr=? terminal=? res=success'
Apr 11 19:49:46 localhost systemd[1]: Unmounted RPC Pipe File System.
Apr 11 19:49:46 localhost systemd[1]: Stopped SYSV: Late init script for live image..
Apr 11 19:49:46 localhost audit[1]: SERVICE_START pid=1 uid=0 auid=4294967295 ses=4294967295 subj=system_u:system_r:init_t:s0 msg='unit=livesys-late comm="systemd" exe="/usr/lib/systemd/systemd" hostname=? addr=? terminal=? res=success'
Apr 11 19:49:46 localhost audit[1]: SERVICE_STOP pid=1 uid=0 auid=4294967295 ses=4294967295 subj=system_u:system_r:init_t:s0 msg='unit=livesys-late comm="systemd" exe="/usr/lib/systemd/systemd" hostname=? addr=? terminal=? res=success'
Apr 11 19:49:46 localhost systemd[1]: Stopped Session 2 of user user.
Apr 11 19:49:46 localhost systemd-logind[840]: Session 2 logged out. Waiting for processes to exit.
Apr 11 19:49:46 localhost systemd[1]: Removed slice system-lvm2\x2dpvscan.slice.
Apr 11 19:49:46 localhost systemd[1]: Stopping /run/user/1002 mount wrapper...
Apr 11 19:49:46 localhost systemd[1]: Removed slice User Slice of UID 1002.
Apr 11 19:49:46 localhost systemd[1]: Stopping Login Service...
Apr 11 19:49:46 localhost systemd[1]: Stopping Virtual Machine and Container Registration Service...
Apr 11 19:49:46 localhost systemd[1]: Stopping ABRT Automated Bug Reporting Tool...
Apr 11 19:49:46 localhost systemd[1]: Stopping VGAuth Service for open-vm-tools...
Apr 11 19:49:46 localhost systemd[1]: Stopped Virtual Machine and Container Registration Service.
Apr 11 19:49:46 localhost systemd[1]: Stopped VGAuth Service for open-vm-tools.
Apr 11 19:49:46 localhost audit[1]: SERVICE_START pid=1 uid=0 auid=4294967295 ses=4294967295 subj=system_u:system_r:init_t:s0 msg='unit=systemd-machined comm="systemd" exe="/usr/lib/systemd/systemd" hostname=? addr=? terminal=? res=success'
Apr 11 19:49:46 localhost audit[1]: SERVICE_STOP pid=1 uid=0 auid=4294967295 ses=4294967295 subj=system_u:system_r:init_t:s0 msg='unit=systemd-machined comm="systemd" exe="/usr/lib/systemd/systemd" hostname=? addr=? terminal=? res=success'
Apr 11 19:49:46 localhost audit[1]: SERVICE_START pid=1 uid=0 auid=4294967295 ses=4294967295 subj=system_u:system_r:init_t:s0 msg='unit=vgauthd comm="systemd" exe="/usr/lib/systemd/systemd" hostname=? addr=? terminal=? res=success'
Apr 11 19:49:46 localhost audit[1]: SERVICE_STOP pid=1 uid=0 auid=4294967295 ses=4294967295 subj=system_u:system_r:init_t:s0 msg='unit=vgauthd comm="systemd" exe="/usr/lib/systemd/systemd" hostname=? addr=? terminal=? res=success'
Apr 11 19:49:46 localhost systemd-logind[840]: Removed session 2.
Apr 11 19:49:47 localhost systemd[1]: Unmounted /run/user/1002.
Apr 11 19:49:47 localhost systemd[1]: Stopped ABRT Automated Bug Reporting Tool.
Apr 11 19:49:47 localhost audit[1]: SERVICE_START pid=1 uid=0 auid=4294967295 ses=4294967295 subj=system_u:system_r:init_t:s0 msg='unit=abrtd comm="systemd" exe="/usr/lib/systemd/systemd" hostname=? addr=? terminal=? res=success'
Apr 11 19:49:47 localhost audit[1]: SERVICE_STOP pid=1 uid=0 auid=4294967295 ses=4294967295 subj=system_u:system_r:init_t:s0 msg='unit=abrtd comm="systemd" exe="/usr/lib/systemd/systemd" hostname=? addr=? terminal=? res=success'
Apr 11 19:49:47 localhost systemd[1]: Stopped Restore /run/initramfs on shutdown.
Apr 11 19:49:47 localhost audit[1]: SERVICE_START pid=1 uid=0 auid=4294967295 ses=4294967295 subj=system_u:system_r:init_t:s0 msg='unit=dracut-shutdown comm="systemd" exe="/usr/lib/systemd/systemd" hostname=? addr=? terminal=? res=success'
Apr 11 19:49:47 localhost audit[1]: SERVICE_STOP pid=1 uid=0 auid=4294967295 ses=4294967295 subj=system_u:system_r:init_t:s0 msg='unit=dracut-shutdown comm="systemd" exe="/usr/lib/systemd/systemd" hostname=? addr=? terminal=? res=success'
Apr 11 19:49:47 localhost audit[1]: SERVICE_START pid=1 uid=0 auid=4294967295 ses=4294967295 subj=system_u:system_r:init_t:s0 msg='unit=user-runtime-dir@1002 comm="systemd" exe="/usr/lib/systemd/systemd" hostname=? addr=? terminal=? res=success'
Apr 11 19:49:47 localhost audit[1]: SERVICE_STOP pid=1 uid=0 auid=4294967295 ses=4294967295 subj=system_u:system_r:init_t:s0 msg='unit=user-runtime-dir@1002 comm="systemd" exe="/usr/lib/systemd/systemd" hostname=? addr=? terminal=? res=success'
Apr 11 19:49:47 localhost systemd[1]: Stopped /run/user/1002 mount wrapper.
Apr 11 19:49:47 localhost systemd[1]: Removed slice system-user\x2druntime\x2ddir.slice.
Apr 11 19:49:47 localhost dbus-daemon[730]: [system] Activating via systemd: service name='org.freedesktop.Accounts' unit='accounts-daemon.service' requested by ':1.18' (uid=0 pid=901 comm="/usr/sbin/gdm " label="system_u:system_r:xdm_t:s0-s0:c0.c1023")
Apr 11 19:49:47 localhost dbus-daemon[730]: [system] Activation via systemd failed for unit 'accounts-daemon.service': Refusing activation, D-Bus is shutting down.
Apr 11 19:49:47 localhost gdm[901]: Failed to contact accountsservice: Error calling StartServiceByName for org.freedesktop.Accounts: GDBus.Error:org.freedesktop.systemd1.ShuttingDown: Refusing activation, D-Bus is shutting down.
Apr 11 19:49:47 localhost gdm[901]: Freeing conversation 'gdm-password' with active job
Apr 11 19:49:47 localhost systemd[1]: Stopped Login Service.
Apr 11 19:49:47 localhost audit[1]: SERVICE_START pid=1 uid=0 auid=4294967295 ses=4294967295 subj=system_u:system_r:init_t:s0 msg='unit=systemd-logind comm="systemd" exe="/usr/lib/systemd/systemd" hostname=? addr=? terminal=? res=success'
Apr 11 19:49:47 localhost audit[1]: SERVICE_STOP pid=1 uid=0 auid=4294967295 ses=4294967295 subj=system_u:system_r:init_t:s0 msg='unit=systemd-logind comm="systemd" exe="/usr/lib/systemd/systemd" hostname=? addr=? terminal=? res=success'
Apr 11 19:49:47 localhost systemd[1]: Stopped GNOME Display Manager.
Apr 11 19:49:47 localhost audit[1]: SERVICE_START pid=1 uid=0 auid=4294967295 ses=4294967295 subj=system_u:system_r:init_t:s0 msg='unit=gdm comm="systemd" exe="/usr/lib/systemd/systemd" hostname=? addr=? terminal=? res=success'
Apr 11 19:49:47 localhost audit[1]: SERVICE_STOP pid=1 uid=0 auid=4294967295 ses=4294967295 subj=system_u:system_r:init_t:s0 msg='unit=gdm comm="systemd" exe="/usr/lib/systemd/systemd" hostname=? addr=? terminal=? res=success'
Apr 11 19:49:47 localhost systemd[1]: Starting Show Plymouth Reboot Screen...
Apr 11 19:49:47 localhost systemd[1]: Stopping Permit User Sessions...
Apr 11 19:49:47 localhost systemd[1]: Stopping Firmware update daemon...
Apr 11 19:49:47 localhost systemd[1]: Stopping LSB: Init script for live image....
Apr 11 19:49:47 localhost systemd[1]: Stopped Firmware update daemon.
Apr 11 19:49:47 localhost audit[1]: SERVICE_START pid=1 uid=0 auid=4294967295 ses=4294967295 subj=system_u:system_r:init_t:s0 msg='unit=fwupd comm="systemd" exe="/usr/lib/systemd/systemd" hostname=? addr=? terminal=? res=success'
Apr 11 19:49:47 localhost audit[1]: SERVICE_STOP pid=1 uid=0 auid=4294967295 ses=4294967295 subj=system_u:system_r:init_t:s0 msg='unit=fwupd comm="systemd" exe="/usr/lib/systemd/systemd" hostname=? addr=? terminal=? res=success'
Apr 11 19:49:48 localhost systemd[1]: Received SIGRTMIN+20 from PID 5388 (plymouthd).
Apr 11 19:49:48 localhost systemd[1]: Stopped LSB: Init script for live image..
Apr 11 19:49:48 localhost audit[1]: SERVICE_START pid=1 uid=0 auid=4294967295 ses=4294967295 subj=system_u:system_r:init_t:s0 msg='unit=livesys comm="systemd" exe="/usr/lib/systemd/systemd" hostname=? addr=? terminal=? res=success'
Apr 11 19:49:48 localhost audit[1]: SERVICE_STOP pid=1 uid=0 auid=4294967295 ses=4294967295 subj=system_u:system_r:init_t:s0 msg='unit=livesys comm="systemd" exe="/usr/lib/systemd/systemd" hostname=? addr=? terminal=? res=success'
Apr 11 19:49:48 localhost systemd[1]: Stopped Permit User Sessions.
Apr 11 19:49:48 localhost audit[1]: SERVICE_START pid=1 uid=0 auid=4294967295 ses=4294967295 subj=system_u:system_r:init_t:s0 msg='unit=systemd-user-sessions comm="systemd" exe="/usr/lib/systemd/systemd" hostname=? addr=? terminal=? res=success'
Apr 11 19:49:48 localhost audit[1]: SERVICE_STOP pid=1 uid=0 auid=4294967295 ses=4294967295 subj=system_u:system_r:init_t:s0 msg='unit=systemd-user-sessions comm="systemd" exe="/usr/lib/systemd/systemd" hostname=? addr=? terminal=? res=success'
Apr 11 19:49:48 localhost systemd[1]: Stopped target Remote File Systems.
Apr 11 19:49:48 localhost systemd[1]: Stopped target Remote File Systems (Pre).
Apr 11 19:49:48 localhost systemd[1]: Stopping Logout off all iSCSI sessions on shutdown...
Apr 11 19:49:48 localhost systemd[1]: Stopped target NFS client services.
Apr 11 19:49:48 localhost systemd[1]: Stopping GSSAPI Proxy Daemon...
Apr 11 19:49:48 localhost systemd[1]: Stopped target User and Group Name Lookups.
Apr 11 19:49:48 localhost systemd[1]: Stopping System Security Services Daemon...
Apr 11 19:49:48 localhost systemd[1]: Stopped GSSAPI Proxy Daemon.
Apr 11 19:49:48 localhost audit[1]: SERVICE_START pid=1 uid=0 auid=4294967295 ses=4294967295 subj=system_u:system_r:init_t:s0 msg='unit=gssproxy comm="systemd" exe="/usr/lib/systemd/systemd" hostname=? addr=? terminal=? res=success'
Apr 11 19:49:48 localhost audit[1]: SERVICE_STOP pid=1 uid=0 auid=4294967295 ses=4294967295 subj=system_u:system_r:init_t:s0 msg='unit=gssproxy comm="systemd" exe="/usr/lib/systemd/systemd" hostname=? addr=? terminal=? res=success'
Apr 11 19:49:48 localhost audit[1]: SERVICE_START pid=1 uid=0 auid=4294967295 ses=4294967295 subj=system_u:system_r:init_t:s0 msg='unit=plymouth-reboot comm="systemd" exe="/usr/lib/systemd/systemd" hostname=? addr=? terminal=? res=success'
Apr 11 19:49:48 localhost systemd[1]: Started Show Plymouth Reboot Screen.
Apr 11 19:49:48 localhost iscsiadm[5400]: iscsiadm: No matching sessions found
Apr 11 19:49:48 localhost audit[1]: SERVICE_START pid=1 uid=0 auid=4294967295 ses=4294967295 subj=system_u:system_r:init_t:s0 msg='unit=iscsi-shutdown comm="systemd" exe="/usr/lib/systemd/systemd" hostname=? addr=? terminal=? res=success'
Apr 11 19:49:48 localhost audit[1]: SERVICE_STOP pid=1 uid=0 auid=4294967295 ses=4294967295 subj=system_u:system_r:init_t:s0 msg='unit=iscsi-shutdown comm="systemd" exe="/usr/lib/systemd/systemd" hostname=? addr=? terminal=? res=success'
Apr 11 19:49:48 localhost sssd[nss][794]: Shutting down
Apr 11 19:49:48 localhost sssd[be[implicit_files]][782]: Shutting down
Apr 11 19:49:48 localhost systemd[1]: Stopped Logout off all iSCSI sessions on shutdown.
Apr 11 19:49:48 localhost systemd[1]: Stopped target Network.
Apr 11 19:49:48 localhost systemd[1]: Stopping WPA supplicant...
Apr 11 19:49:48 localhost systemd[1]: Stopping Network Manager...
Apr 11 19:49:48 localhost NetworkManager[872]: <info>  [1555037388.0550] caught SIGTERM, shutting down normally.
Apr 11 19:49:48 localhost systemd[1]: Stopped WPA supplicant.
Apr 11 19:49:48 localhost audit[1]: SERVICE_START pid=1 uid=0 auid=4294967295 ses=4294967295 subj=system_u:system_r:init_t:s0 msg='unit=wpa_supplicant comm="systemd" exe="/usr/lib/systemd/systemd" hostname=? addr=? terminal=? res=success'
Apr 11 19:49:48 localhost audit[1]: SERVICE_STOP pid=1 uid=0 auid=4294967295 ses=4294967295 subj=system_u:system_r:init_t:s0 msg='unit=wpa_supplicant comm="systemd" exe="/usr/lib/systemd/systemd" hostname=? addr=? terminal=? res=success'
Apr 11 19:49:48 localhost NetworkManager[872]: <info>  [1555037388.0706] exiting (success)
Apr 11 19:49:48 localhost audit[1]: SERVICE_START pid=1 uid=0 auid=4294967295 ses=4294967295 subj=system_u:system_r:init_t:s0 msg='unit=sssd comm="systemd" exe="/usr/lib/systemd/systemd" hostname=? addr=? terminal=? res=success'
Apr 11 19:49:48 localhost audit[1]: SERVICE_STOP pid=1 uid=0 auid=4294967295 ses=4294967295 subj=system_u:system_r:init_t:s0 msg='unit=sssd comm="systemd" exe="/usr/lib/systemd/systemd" hostname=? addr=? terminal=? res=success'
Apr 11 19:49:48 localhost systemd[1]: Stopped System Security Services Daemon.
Apr 11 19:49:48 localhost systemd[1]: Stopped Network Manager.
Apr 11 19:49:48 localhost audit[1]: SERVICE_START pid=1 uid=0 auid=4294967295 ses=4294967295 subj=system_u:system_r:init_t:s0 msg='unit=NetworkManager comm="systemd" exe="/usr/lib/systemd/systemd" hostname=? addr=? terminal=? res=success'
Apr 11 19:49:48 localhost audit[1]: SERVICE_STOP pid=1 uid=0 auid=4294967295 ses=4294967295 subj=system_u:system_r:init_t:s0 msg='unit=NetworkManager comm="systemd" exe="/usr/lib/systemd/systemd" hostname=? addr=? terminal=? res=success'
Apr 11 19:49:48 localhost systemd[1]: Stopped target Network (Pre).
Apr 11 19:49:48 localhost systemd[1]: Stopping firewalld - dynamic firewall daemon...
Apr 11 19:49:48 localhost audit: NETFILTER_CFG table=security family=2 entries=13
Apr 11 19:49:48 localhost audit: NETFILTER_CFG table=raw family=2 entries=29
Apr 11 19:49:48 localhost audit: NETFILTER_CFG table=mangle family=2 entries=40
Apr 11 19:49:48 localhost audit: NETFILTER_CFG table=nat family=2 entries=52
Apr 11 19:49:48 localhost audit: NETFILTER_CFG table=filter family=2 entries=86
Apr 11 19:49:48 localhost audit: NETFILTER_CFG table=security family=10 entries=13
Apr 11 19:49:48 localhost audit: NETFILTER_CFG table=raw family=10 entries=31
Apr 11 19:49:48 localhost audit: NETFILTER_CFG table=mangle family=10 entries=40
Apr 11 19:49:48 localhost audit: NETFILTER_CFG table=nat family=10 entries=52
Apr 11 19:49:48 localhost audit: NETFILTER_CFG table=filter family=10 entries=87
Apr 11 19:49:48 localhost audit: NETFILTER_CFG table=nat family=7 entries=0
Apr 11 19:49:48 localhost audit: NETFILTER_CFG table=filter family=7 entries=0
Apr 11 19:49:48 localhost audit: NETFILTER_CFG table=security family=2 entries=4
Apr 11 19:49:48 localhost audit: NETFILTER_CFG table=raw family=2 entries=3
Apr 11 19:49:48 localhost audit: NETFILTER_CFG table=mangle family=2 entries=6
Apr 11 19:49:48 localhost audit: NETFILTER_CFG table=filter family=2 entries=4
Apr 11 19:49:48 localhost audit: NETFILTER_CFG table=security family=10 entries=4
Apr 11 19:49:48 localhost audit: NETFILTER_CFG table=raw family=10 entries=3
Apr 11 19:49:48 localhost audit: NETFILTER_CFG table=mangle family=10 entries=6
Apr 11 19:49:48 localhost audit: NETFILTER_CFG table=filter family=10 entries=4
Apr 11 19:49:48 localhost audit: NETFILTER_CFG table=nat family=7 entries=0
Apr 11 19:49:48 localhost audit: NETFILTER_CFG table=filter family=7 entries=0
Apr 11 19:49:48 localhost systemd[1]: Stopped firewalld - dynamic firewall daemon.
Apr 11 19:49:48 localhost systemd[1]: Stopping Authorization Manager...
Apr 11 19:49:48 localhost audit[1]: SERVICE_START pid=1 uid=0 auid=4294967295 ses=4294967295 subj=system_u:system_r:init_t:s0 msg='unit=firewalld comm="systemd" exe="/usr/lib/systemd/systemd" hostname=? addr=? terminal=? res=success'
Apr 11 19:49:48 localhost audit[1]: SERVICE_STOP pid=1 uid=0 auid=4294967295 ses=4294967295 subj=system_u:system_r:init_t:s0 msg='unit=firewalld comm="systemd" exe="/usr/lib/systemd/systemd" hostname=? addr=? terminal=? res=success'
Apr 11 19:49:48 localhost systemd[1]: Stopping D-Bus System Message Bus...
Apr 11 19:49:48 localhost systemd[1]: Stopped D-Bus System Message Bus.
Apr 11 19:49:48 localhost audit[1]: SERVICE_START pid=1 uid=0 auid=4294967295 ses=4294967295 subj=system_u:system_r:init_t:s0 msg='unit=dbus comm="systemd" exe="/usr/lib/systemd/systemd" hostname=? addr=? terminal=? res=success'
Apr 11 19:49:48 localhost audit[1]: SERVICE_STOP pid=1 uid=0 auid=4294967295 ses=4294967295 subj=system_u:system_r:init_t:s0 msg='unit=dbus comm="systemd" exe="/usr/lib/systemd/systemd" hostname=? addr=? terminal=? res=success'
Apr 11 19:49:48 localhost systemd[1]: Stopped Authorization Manager.
Apr 11 19:49:48 localhost audit[1]: SERVICE_START pid=1 uid=0 auid=4294967295 ses=4294967295 subj=system_u:system_r:init_t:s0 msg='unit=polkit comm="systemd" exe="/usr/lib/systemd/systemd" hostname=? addr=? terminal=? res=success'
Apr 11 19:49:48 localhost audit[1]: SERVICE_STOP pid=1 uid=0 auid=4294967295 ses=4294967295 subj=system_u:system_r:init_t:s0 msg='unit=polkit comm="systemd" exe="/usr/lib/systemd/systemd" hostname=? addr=? terminal=? res=success'
Apr 11 19:49:48 localhost systemd[1]: Stopped target Basic System.
Apr 11 19:49:48 localhost systemd[1]: Stopped target Paths.
Apr 11 19:49:48 localhost systemd[1]: Stopped CUPS Scheduler.
Apr 11 19:49:48 localhost systemd[1]: Stopped Forward Password Requests to Plymouth Directory Watch.
Apr 11 19:49:48 localhost systemd[1]: Stopped target Slices.
Apr 11 19:49:48 localhost systemd[1]: Removed slice Virtual Machine and Container Slice.
Apr 11 19:49:48 localhost systemd[1]: Removed slice User and Session Slice.
Apr 11 19:49:48 localhost systemd[1]: Stopped target Sockets.
Apr 11 19:49:48 localhost systemd[1]: Closed D-Bus System Message Bus Socket.
Apr 11 19:49:48 localhost systemd[1]: Closed Open-iSCSI iscsiuio Socket.
Apr 11 19:49:48 localhost systemd[1]: Closed SSSD Kerberos Cache Manager responder socket.
Apr 11 19:49:48 localhost systemd[1]: Closed Activation socket for spice guest agent daemon.
Apr 11 19:49:48 localhost systemd[1]: Closed Open-iSCSI iscsid Socket.
Apr 11 19:49:48 localhost systemd[1]: Closed CUPS Scheduler.
Apr 11 19:49:48 localhost systemd[1]: Closed Virtual machine log manager socket.
Apr 11 19:49:48 localhost systemd[1]: Closed Virtual machine lock manager socket.
Apr 11 19:49:48 localhost systemd[1]: Closed Avahi mDNS/DNS-SD Stack Activation Socket.
Apr 11 19:49:48 localhost systemd[1]: Stopped target System Initialization.
Apr 11 19:49:48 localhost systemd[1]: Stopping Load/Save Random Seed...
Apr 11 19:49:48 localhost systemd[1]: Stopping Update UTMP about System Boot/Shutdown...
Apr 11 19:49:48 localhost audit[1]: SERVICE_START pid=1 uid=0 auid=4294967295 ses=4294967295 subj=system_u:system_r:init_t:s0 msg='unit=systemd-sysctl comm="systemd" exe="/usr/lib/systemd/systemd" hostname=? addr=? terminal=? res=success'
Apr 11 19:49:48 localhost audit[1]: SERVICE_STOP pid=1 uid=0 auid=4294967295 ses=4294967295 subj=system_u:system_r:init_t:s0 msg='unit=systemd-sysctl comm="systemd" exe="/usr/lib/systemd/systemd" hostname=? addr=? terminal=? res=success'
Apr 11 19:49:48 localhost systemd[1]: Stopped Apply Kernel Variables.
Apr 11 19:49:48 localhost systemd[1]: Stopped target Local Encrypted Volumes.
Apr 11 19:49:48 localhost systemd[1]: Stopped Forward Password Requests to Wall Directory Watch.
Apr 11 19:49:48 localhost audit[5465]: SYSTEM_SHUTDOWN pid=5465 uid=0 auid=4294967295 ses=4294967295 subj=system_u:system_r:init_t:s0 msg=' comm="systemd-update-utmp" exe="/usr/lib/systemd/systemd-update-utmp" hostname=? addr=? terminal=? res=success'
Apr 11 19:49:48 localhost systemd[1]: Stopped Update UTMP about System Boot/Shutdown.
Apr 11 19:49:48 localhost audit[1]: SERVICE_START pid=1 uid=0 auid=4294967295 ses=4294967295 subj=system_u:system_r:init_t:s0 msg='unit=systemd-update-utmp comm="systemd" exe="/usr/lib/systemd/systemd" hostname=? addr=? terminal=? res=success'
Apr 11 19:49:48 localhost audit[1]: SERVICE_STOP pid=1 uid=0 auid=4294967295 ses=4294967295 subj=system_u:system_r:init_t:s0 msg='unit=systemd-update-utmp comm="systemd" exe="/usr/lib/systemd/systemd" hostname=? addr=? terminal=? res=success'
Apr 11 19:49:48 localhost audit[1]: SERVICE_START pid=1 uid=0 auid=4294967295 ses=4294967295 subj=system_u:system_r:init_t:s0 msg='unit=systemd-random-seed comm="systemd" exe="/usr/lib/systemd/systemd" hostname=? addr=? terminal=? res=success'
Apr 11 19:49:48 localhost audit[1]: SERVICE_STOP pid=1 uid=0 auid=4294967295 ses=4294967295 subj=system_u:system_r:init_t:s0 msg='unit=systemd-random-seed comm="systemd" exe="/usr/lib/systemd/systemd" hostname=? addr=? terminal=? res=success'
Apr 11 19:49:48 localhost systemd[1]: Stopping Security Auditing Service...
Apr 11 19:49:48 localhost systemd[1]: Stopped Load/Save Random Seed.
Apr 11 19:49:48 localhost auditd[705]: The audit daemon is exiting.
Apr 11 19:49:48 localhost audit: CONFIG_CHANGE audit_pid=0 old=705 auid=4294967295 ses=4294967295 subj=system_u:system_r:auditd_t:s0 res=1
Apr 11 19:49:48 localhost kernel: kauditd_printk_skb: 4 callbacks suppressed
Apr 11 19:49:48 localhost kernel: audit: type=1305 audit(1555037388.865:436): audit_pid=0 old=705 auid=4294967295 ses=4294967295 subj=system_u:system_r:auditd_t:s0 res=1
Apr 11 19:49:48 localhost systemd[1]: Stopped Security Auditing Service.
Apr 11 19:49:48 localhost audit[1]: SERVICE_START pid=1 uid=0 auid=4294967295 ses=4294967295 subj=system_u:system_r:init_t:s0 msg='unit=auditd comm="systemd" exe="/usr/lib/systemd/systemd" hostname=? addr=? terminal=? res=success'
Apr 11 19:49:48 localhost audit[1]: SERVICE_STOP pid=1 uid=0 auid=4294967295 ses=4294967295 subj=system_u:system_r:init_t:s0 msg='unit=auditd comm="systemd" exe="/usr/lib/systemd/systemd" hostname=? addr=? terminal=? res=success'
Apr 11 19:49:48 localhost kernel: audit: type=1130 audit(1555037388.874:437): pid=1 uid=0 auid=4294967295 ses=4294967295 subj=system_u:system_r:init_t:s0 msg='unit=auditd comm="systemd" exe="/usr/lib/systemd/systemd" hostname=? addr=? terminal=? res=success'
Apr 11 19:49:48 localhost kernel: audit: type=1131 audit(1555037388.874:438): pid=1 uid=0 auid=4294967295 ses=4294967295 subj=system_u:system_r:init_t:s0 msg='unit=auditd comm="systemd" exe="/usr/lib/systemd/systemd" hostname=? addr=? terminal=? res=success'
Apr 11 19:49:48 localhost systemd[1]: Stopped Create Volatile Files and Directories.
Apr 11 19:49:48 localhost audit[1]: SERVICE_START pid=1 uid=0 auid=4294967295 ses=4294967295 subj=system_u:system_r:init_t:s0 msg='unit=systemd-tmpfiles-setup comm="systemd" exe="/usr/lib/systemd/systemd" hostname=? addr=? terminal=? res=success'
Apr 11 19:49:48 localhost audit[1]: SERVICE_STOP pid=1 uid=0 auid=4294967295 ses=4294967295 subj=system_u:system_r:init_t:s0 msg='unit=systemd-tmpfiles-setup comm="systemd" exe="/usr/lib/systemd/systemd" hostname=? addr=? terminal=? res=success'
Apr 11 19:49:48 localhost kernel: audit: type=1130 audit(1555037388.875:439): pid=1 uid=0 auid=4294967295 ses=4294967295 subj=system_u:system_r:init_t:s0 msg='unit=systemd-tmpfiles-setup comm="systemd" exe="/usr/lib/systemd/systemd" hostname=? addr=? terminal=? res=success'
Apr 11 19:49:48 localhost kernel: audit: type=1131 audit(1555037388.875:440): pid=1 uid=0 auid=4294967295 ses=4294967295 subj=system_u:system_r:init_t:s0 msg='unit=systemd-tmpfiles-setup comm="systemd" exe="/usr/lib/systemd/systemd" hostname=? addr=? terminal=? res=success'
Apr 11 19:49:48 localhost systemd[1]: Stopped Import network configuration from initramfs.
Apr 11 19:49:48 localhost systemd[1]: Stopped target Local File Systems.
Apr 11 19:49:48 localhost audit[1]: SERVICE_START pid=1 uid=0 auid=4294967295 ses=4294967295 subj=system_u:system_r:init_t:s0 msg='unit=import-state comm="systemd" exe="/usr/lib/systemd/systemd" hostname=? addr=? terminal=? res=success'
Apr 11 19:49:48 localhost audit[1]: SERVICE_STOP pid=1 uid=0 auid=4294967295 ses=4294967295 subj=system_u:system_r:init_t:s0 msg='unit=import-state comm="systemd" exe="/usr/lib/systemd/systemd" hostname=? addr=? terminal=? res=success'
Apr 11 19:49:48 localhost kernel: audit: type=1130 audit(1555037388.876:441): pid=1 uid=0 auid=4294967295 ses=4294967295 subj=system_u:system_r:init_t:s0 msg='unit=import-state comm="systemd" exe="/usr/lib/systemd/systemd" hostname=? addr=? terminal=? res=success'
Apr 11 19:49:48 localhost kernel: audit: type=1131 audit(1555037388.876:442): pid=1 uid=0 auid=4294967295 ses=4294967295 subj=system_u:system_r:init_t:s0 msg='unit=import-state comm="systemd" exe="/usr/lib/systemd/systemd" hostname=? addr=? terminal=? res=success'
Apr 11 19:49:48 localhost systemd[1]: Unmounting /mnt/data...
Apr 11 19:49:48 localhost systemd[1]: Unmounting Temporary Directory (/tmp)...
Apr 11 19:49:48 localhost systemd[1]: Unmounting /boot...
Apr 11 19:49:48 localhost systemd[1]: Unmounting /mnt/backup...
Apr 11 19:49:48 localhost systemd[1]: Unmounted /mnt/data.
Apr 11 19:49:48 localhost systemd[1]: Stopped File System Check on /dev/sdb1.
Apr 11 19:49:48 localhost audit[1]: SERVICE_START pid=1 uid=0 auid=4294967295 ses=4294967295 subj=system_u:system_r:init_t:s0 msg='unit=systemd-fsck@dev-sdb1 comm="systemd" exe="/usr/lib/systemd/systemd" hostname=? addr=? terminal=? res=success'
Apr 11 19:49:48 localhost audit[1]: SERVICE_STOP pid=1 uid=0 auid=4294967295 ses=4294967295 subj=system_u:system_r:init_t:s0 msg='unit=systemd-fsck@dev-sdb1 comm="systemd" exe="/usr/lib/systemd/systemd" hostname=? addr=? terminal=? res=success'
Apr 11 19:49:48 localhost kernel: audit: type=1130 audit(1555037388.898:443): pid=1 uid=0 auid=4294967295 ses=4294967295 subj=system_u:system_r:init_t:s0 msg='unit=systemd-fsck@dev-sdb1 comm="systemd" exe="/usr/lib/systemd/systemd" hostname=? addr=? terminal=? res=success'
Apr 11 19:49:48 localhost kernel: audit: type=1131 audit(1555037388.898:444): pid=1 uid=0 auid=4294967295 ses=4294967295 subj=system_u:system_r:init_t:s0 msg='unit=systemd-fsck@dev-sdb1 comm="systemd" exe="/usr/lib/systemd/systemd" hostname=? addr=? terminal=? res=success'
Apr 11 19:49:48 localhost systemd[1]: Unmounted Temporary Directory (/tmp).
Apr 11 19:49:48 localhost systemd[1]: Unmounted /mnt/backup.
Apr 11 19:49:48 localhost systemd[1]: Stopped File System Check on /dev/sdb2.
Apr 11 19:49:48 localhost systemd[1]: Stopped target Swap.
Apr 11 19:49:48 localhost audit[1]: SERVICE_START pid=1 uid=0 auid=4294967295 ses=4294967295 subj=system_u:system_r:init_t:s0 msg='unit=systemd-fsck@dev-sdb2 comm="systemd" exe="/usr/lib/systemd/systemd" hostname=? addr=? terminal=? res=success'
Apr 11 19:49:48 localhost audit[1]: SERVICE_STOP pid=1 uid=0 auid=4294967295 ses=4294967295 subj=system_u:system_r:init_t:s0 msg='unit=systemd-fsck@dev-sdb2 comm="systemd" exe="/usr/lib/systemd/systemd" hostname=? addr=? terminal=? res=success'
Apr 11 19:49:48 localhost kernel: audit: type=1130 audit(1555037388.905:445): pid=1 uid=0 auid=4294967295 ses=4294967295 subj=system_u:system_r:init_t:s0 msg='unit=systemd-fsck@dev-sdb2 comm="systemd" exe="/usr/lib/systemd/systemd" hostname=? addr=? terminal=? res=success'
Apr 11 19:49:48 localhost systemd[1]: Deactivating swap /dev/mapper/fedora-swap...
Apr 11 19:49:48 localhost systemd[1]: Deactivated swap /dev/fedora/swap.
Apr 11 19:49:48 localhost systemd[1]: Deactivated swap /dev/disk/by-uuid/d522675d-7cb0-447c-8e9c-2bc6f4ee06b9.
Apr 11 19:49:48 localhost systemd[1]: Deactivated swap /dev/disk/by-id/dm-uuid-LVM-mNkbmhWRf12LHX2mfsi8NTIs7mC4pLnVNsCvl1W1Kkp00eliCaIvMFp6c2OMJeOE.
Apr 11 19:49:48 localhost systemd[1]: Deactivated swap /dev/disk/by-id/dm-name-fedora-swap.
Apr 11 19:49:48 localhost systemd[1]: Deactivated swap /dev/dm-1.
Apr 11 19:49:48 localhost systemd[1]: Deactivated swap /dev/mapper/fedora-swap.
Apr 11 19:49:48 localhost systemd[1]: Unmounted /boot.
Apr 11 19:49:48 localhost systemd[1]: Stopped File System Check on /dev/disk/by-uuid/e97ba53c-ae34-45bd-aed5-e07938230819.
Apr 11 19:49:48 localhost audit[1]: SERVICE_START pid=1 uid=0 auid=4294967295 ses=4294967295 subj=system_u:system_r:init_t:s0 msg='unit=systemd-fsck@dev-disk-by\x2duuid-e97ba53c\x2dae34\x2d45bd\x2daed5\x2de07938230819 comm="systemd" exe="/usr/lib/systemd/systemd" hostname=? addr=? terminal=? res=success'
Apr 11 19:49:48 localhost audit[1]: SERVICE_STOP pid=1 uid=0 auid=4294967295 ses=4294967295 subj=system_u:system_r:init_t:s0 msg='unit=systemd-fsck@dev-disk-by\x2duuid-e97ba53c\x2dae34\x2d45bd\x2daed5\x2de07938230819 comm="systemd" exe="/usr/lib/systemd/systemd" hostname=? addr=? terminal=? res=success'
Apr 11 19:49:48 localhost systemd[1]: Stopped target Local File Systems (Pre).
Apr 11 19:49:48 localhost systemd[1]: Stopped Create Static Device Nodes in /dev.
Apr 11 19:49:48 localhost audit[1]: SERVICE_START pid=1 uid=0 auid=4294967295 ses=4294967295 subj=system_u:system_r:init_t:s0 msg='unit=systemd-tmpfiles-setup-dev comm="systemd" exe="/usr/lib/systemd/systemd" hostname=? addr=? terminal=? res=success'
Apr 11 19:49:48 localhost audit[1]: SERVICE_STOP pid=1 uid=0 auid=4294967295 ses=4294967295 subj=system_u:system_r:init_t:s0 msg='unit=systemd-tmpfiles-setup-dev comm="systemd" exe="/usr/lib/systemd/systemd" hostname=? addr=? terminal=? res=success'
Apr 11 19:49:48 localhost systemd[1]: Stopped Remount Root and Kernel File Systems.
Apr 11 19:49:48 localhost audit[1]: SERVICE_START pid=1 uid=0 auid=4294967295 ses=4294967295 subj=system_u:system_r:init_t:s0 msg='unit=systemd-remount-fs comm="systemd" exe="/usr/lib/systemd/systemd" hostname=? addr=? terminal=? res=success'
Apr 11 19:49:48 localhost audit[1]: SERVICE_STOP pid=1 uid=0 auid=4294967295 ses=4294967295 subj=system_u:system_r:init_t:s0 msg='unit=systemd-remount-fs comm="systemd" exe="/usr/lib/systemd/systemd" hostname=? addr=? terminal=? res=success'
Apr 11 19:49:48 localhost systemd[1]: Stopping Monitoring of LVM2 mirrors, snapshots etc. using dmeventd or progress polling...
Apr 11 19:49:48 localhost systemd[1]: Removed slice system-systemd\x2dfsck.slice.
Apr 11 19:49:48 localhost systemd[1]: Reached target Shutdown.
Apr 11 19:49:48 localhost systemd[1]: Reached target Unmount All Filesystems.
Apr 11 19:49:48 localhost systemd[1]: Reached target Final Step.
Apr 11 19:49:48 localhost systemd[1]: Starting Reboot...
Apr 11 19:49:48 localhost systemd[1]: Shutting down.
Apr 11 19:49:48 localhost lvm[5474]:  2 logical volume(s) in volume group "fedora" unmonitored
Apr 11 19:49:48 localhost kernel: systemd-shutdow: 30 output lines suppressed due to ratelimiting
Apr 11 19:49:49 localhost systemd-shutdown[1]: Syncing filesystems and block devices.
Apr 11 19:49:49 localhost systemd-shutdown[1]: Sending SIGTERM to remaining processes...
Apr 11 19:49:49 localhost systemd-journald[2282]: Journal stopped
Apr 11 19:52:03 localhost kernel: Linux version 4.18.16-300.fc29.x86_64 (mockbuild@bkernel04.phx2.fedoraproject.org) (gcc version 8.2.1 20180801 (Red Hat 8.2.1-2) (GCC)) #1 SMP Sat Oct 20 23:24:08 UTC 2018
Apr 11 19:52:03 localhost kernel: Command line: BOOT_IMAGE=/vmlinuz-4.18.16-300.fc29.x86_64 root=/dev/mapper/fedora-root ro resume=/dev/mapper/fedora-swap rd.lvm.lv=fedora/root rd.lvm.lv=fedora/swap rhgb quiet LANG=en_US.UTF-8
Apr 11 19:52:03 localhost kernel: Disabled fast string operations
Apr 11 19:52:03 localhost kernel: x86/fpu: Supporting XSAVE feature 0x001: 'x87 floating point registers'
Apr 11 19:52:03 localhost kernel: x86/fpu: Supporting XSAVE feature 0x002: 'SSE registers'
Apr 11 19:52:03 localhost kernel: x86/fpu: Supporting XSAVE feature 0x004: 'AVX registers'
Apr 11 19:52:03 localhost kernel: x86/fpu: Supporting XSAVE feature 0x008: 'MPX bounds registers'
Apr 11 19:52:03 localhost kernel: x86/fpu: Supporting XSAVE feature 0x010: 'MPX CSR'
Apr 11 19:52:03 localhost kernel: x86/fpu: xstate_offset[2]:  576, xstate_sizes[2]:  256
Apr 11 19:52:03 localhost kernel: x86/fpu: xstate_offset[3]:  832, xstate_sizes[3]:   64
Apr 11 19:52:03 localhost kernel: x86/fpu: xstate_offset[4]:  896, xstate_sizes[4]:   64
Apr 11 19:52:03 localhost kernel: x86/fpu: Enabled xstate features 0x1f, context size is 960 bytes, using 'compacted' format.
Apr 11 19:52:03 localhost kernel: BIOS-provided physical RAM map:
Apr 11 19:52:03 localhost kernel: BIOS-e820: [mem 0x0000000000000000-0x000000000009ebff] usable
Apr 11 19:52:03 localhost kernel: BIOS-e820: [mem 0x000000000009ec00-0x000000000009ffff] reserved
Apr 11 19:52:03 localhost kernel: BIOS-e820: [mem 0x00000000000dc000-0x00000000000fffff] reserved
Apr 11 19:52:03 localhost kernel: BIOS-e820: [mem 0x0000000000100000-0x00000000bfecffff] usable
Apr 11 19:52:03 localhost kernel: BIOS-e820: [mem 0x00000000bfed0000-0x00000000bfefefff] ACPI data
Apr 11 19:52:03 localhost kernel: BIOS-e820: [mem 0x00000000bfeff000-0x00000000bfefffff] ACPI NVS
Apr 11 19:52:03 localhost kernel: BIOS-e820: [mem 0x00000000bff00000-0x00000000bfffffff] usable
Apr 11 19:52:03 localhost kernel: BIOS-e820: [mem 0x00000000f0000000-0x00000000f7ffffff] reserved
Apr 11 19:52:03 localhost kernel: BIOS-e820: [mem 0x00000000fec00000-0x00000000fec0ffff] reserved
Apr 11 19:52:03 localhost kernel: BIOS-e820: [mem 0x00000000fee00000-0x00000000fee00fff] reserved
Apr 11 19:52:03 localhost kernel: BIOS-e820: [mem 0x00000000fffe0000-0x00000000ffffffff] reserved
Apr 11 19:52:03 localhost kernel: BIOS-e820: [mem 0x0000000100000000-0x000000013fffffff] usable
Apr 11 19:52:03 localhost kernel: NX (Execute Disable) protection: active
Apr 11 19:52:03 localhost kernel: SMBIOS 2.7 present.
Apr 11 19:52:03 localhost kernel: DMI: VMware, Inc. VMware Virtual Platform/440BX Desktop Reference Platform, BIOS 6.00 04/13/2018
Apr 11 19:52:03 localhost kernel: Hypervisor detected: VMware
Apr 11 19:52:03 localhost kernel: vmware: TSC freq read from hypervisor : 2112.002 MHz
Apr 11 19:52:03 localhost kernel: vmware: Host bus clock speed read from hypervisor : 66000000 Hz
Apr 11 19:52:03 localhost kernel: vmware: using sched offset of 17591819768 ns
Apr 11 19:52:03 localhost kernel: last_pfn = 0x140000 max_arch_pfn = 0x400000000
Apr 11 19:52:03 localhost kernel: x86/PAT: Configuration [0-7]: WB  WC  UC- UC  WB  WP  UC- WT  
Apr 11 19:52:03 localhost kernel: last_pfn = 0xc0000 max_arch_pfn = 0x400000000
Apr 11 19:52:03 localhost kernel: found SMP MP-table at [mem 0x000f6a80-0x000f6a8f] mapped at [(____ptrval____)]
Apr 11 19:52:03 localhost kernel: Using GB pages for direct mapping
Apr 11 19:52:03 localhost kernel: RAMDISK: [mem 0x3526a000-0x3692cfff]
Apr 11 19:52:03 localhost kernel: ACPI: Early table checksum verification disabled
Apr 11 19:52:03 localhost kernel: ACPI: RSDP 0x00000000000F6A10 000024 (v02 PTLTD )
Apr 11 19:52:03 localhost kernel: ACPI: XSDT 0x00000000BFEDC677 000054 (v01 INTEL  440BX    06040000 VMW  01324272)
Apr 11 19:52:03 localhost kernel: ACPI: FACP 0x00000000BFEFEE73 0000F4 (v04 INTEL  440BX    06040000 PTL  000F4240)
Apr 11 19:52:03 localhost kernel: ACPI: DSDT 0x00000000BFEDDFD8 020E9B (v01 PTLTD  Custom   06040000 MSFT 03000001)
Apr 11 19:52:03 localhost kernel: ACPI: FACS 0x00000000BFEFFFC0 000040
Apr 11 19:52:03 localhost kernel: ACPI: FACS 0x00000000BFEFFFC0 000040
Apr 11 19:52:03 localhost kernel: ACPI: BOOT 0x00000000BFEDDFB0 000028 (v01 PTLTD  $SBFTBL$ 06040000  LTP 00000001)
Apr 11 19:52:03 localhost kernel: ACPI: APIC 0x00000000BFEDD86E 000742 (v01 PTLTD  ? APIC   06040000  LTP 00000000)
Apr 11 19:52:03 localhost kernel: ACPI: MCFG 0x00000000BFEDD832 00003C (v01 PTLTD  $PCITBL$ 06040000  LTP 00000001)
Apr 11 19:52:03 localhost kernel: ACPI: SRAT 0x00000000BFEDC72F 0008D0 (v02 VMWARE MEMPLUG  06040000 VMW  00000001)
Apr 11 19:52:03 localhost kernel: ACPI: WAET 0x00000000BFEDC707 000028 (v01 VMWARE VMW WAET 06040000 VMW  00000001)
Apr 11 19:52:03 localhost kernel: Setting APIC routing to physical flat.
Apr 11 19:52:03 localhost kernel: SRAT: PXM 0 -> APIC 0x00 -> Node 0
Apr 11 19:52:03 localhost kernel: SRAT: PXM 0 -> APIC 0x02 -> Node 0
Apr 11 19:52:03 localhost kernel: SRAT: PXM 0 -> APIC 0x04 -> Node 0
Apr 11 19:52:03 localhost kernel: SRAT: PXM 0 -> APIC 0x06 -> Node 0
Apr 11 19:52:03 localhost kernel: SRAT: PXM 0 -> APIC 0x08 -> Node 0
Apr 11 19:52:03 localhost kernel: SRAT: PXM 0 -> APIC 0x0a -> Node 0
Apr 11 19:52:03 localhost kernel: SRAT: PXM 0 -> APIC 0x0c -> Node 0
Apr 11 19:52:03 localhost kernel: SRAT: PXM 0 -> APIC 0x0e -> Node 0
Apr 11 19:52:03 localhost kernel: SRAT: PXM 0 -> APIC 0x10 -> Node 0
Apr 11 19:52:03 localhost kernel: SRAT: PXM 0 -> APIC 0x12 -> Node 0
Apr 11 19:52:03 localhost kernel: SRAT: PXM 0 -> APIC 0x14 -> Node 0
Apr 11 19:52:03 localhost kernel: SRAT: PXM 0 -> APIC 0x16 -> Node 0
Apr 11 19:52:03 localhost kernel: SRAT: PXM 0 -> APIC 0x18 -> Node 0
Apr 11 19:52:03 localhost kernel: SRAT: PXM 0 -> APIC 0x1a -> Node 0
Apr 11 19:52:03 localhost kernel: SRAT: PXM 0 -> APIC 0x1c -> Node 0
Apr 11 19:52:03 localhost kernel: SRAT: PXM 0 -> APIC 0x1e -> Node 0
Apr 11 19:52:03 localhost kernel: SRAT: PXM 0 -> APIC 0x20 -> Node 0
Apr 11 19:52:03 localhost kernel: SRAT: PXM 0 -> APIC 0x22 -> Node 0
Apr 11 19:52:03 localhost kernel: SRAT: PXM 0 -> APIC 0x24 -> Node 0
Apr 11 19:52:03 localhost kernel: SRAT: PXM 0 -> APIC 0x26 -> Node 0
Apr 11 19:52:03 localhost kernel: SRAT: PXM 0 -> APIC 0x28 -> Node 0
Apr 11 19:52:03 localhost kernel: SRAT: PXM 0 -> APIC 0x2a -> Node 0
Apr 11 19:52:03 localhost kernel: SRAT: PXM 0 -> APIC 0x2c -> Node 0
Apr 11 19:52:03 localhost kernel: SRAT: PXM 0 -> APIC 0x2e -> Node 0
Apr 11 19:52:03 localhost kernel: SRAT: PXM 0 -> APIC 0x30 -> Node 0
Apr 11 19:52:03 localhost kernel: SRAT: PXM 0 -> APIC 0x32 -> Node 0
Apr 11 19:52:03 localhost kernel: SRAT: PXM 0 -> APIC 0x34 -> Node 0
Apr 11 19:52:03 localhost kernel: SRAT: PXM 0 -> APIC 0x36 -> Node 0
Apr 11 19:52:03 localhost kernel: SRAT: PXM 0 -> APIC 0x38 -> Node 0
Apr 11 19:52:03 localhost kernel: SRAT: PXM 0 -> APIC 0x3a -> Node 0
Apr 11 19:52:03 localhost kernel: SRAT: PXM 0 -> APIC 0x3c -> Node 0
Apr 11 19:52:03 localhost kernel: SRAT: PXM 0 -> APIC 0x3e -> Node 0
Apr 11 19:52:03 localhost kernel: SRAT: PXM 0 -> APIC 0x40 -> Node 0
Apr 11 19:52:03 localhost kernel: SRAT: PXM 0 -> APIC 0x42 -> Node 0
Apr 11 19:52:03 localhost kernel: SRAT: PXM 0 -> APIC 0x44 -> Node 0
Apr 11 19:52:03 localhost kernel: SRAT: PXM 0 -> APIC 0x46 -> Node 0
Apr 11 19:52:03 localhost kernel: SRAT: PXM 0 -> APIC 0x48 -> Node 0
Apr 11 19:52:03 localhost kernel: SRAT: PXM 0 -> APIC 0x4a -> Node 0
Apr 11 19:52:03 localhost kernel: SRAT: PXM 0 -> APIC 0x4c -> Node 0
Apr 11 19:52:03 localhost kernel: SRAT: PXM 0 -> APIC 0x4e -> Node 0
Apr 11 19:52:03 localhost kernel: SRAT: PXM 0 -> APIC 0x50 -> Node 0
Apr 11 19:52:03 localhost kernel: SRAT: PXM 0 -> APIC 0x52 -> Node 0
Apr 11 19:52:03 localhost kernel: SRAT: PXM 0 -> APIC 0x54 -> Node 0
Apr 11 19:52:03 localhost kernel: SRAT: PXM 0 -> APIC 0x56 -> Node 0
Apr 11 19:52:03 localhost kernel: SRAT: PXM 0 -> APIC 0x58 -> Node 0
Apr 11 19:52:03 localhost kernel: SRAT: PXM 0 -> APIC 0x5a -> Node 0
Apr 11 19:52:03 localhost kernel: SRAT: PXM 0 -> APIC 0x5c -> Node 0
Apr 11 19:52:03 localhost kernel: SRAT: PXM 0 -> APIC 0x5e -> Node 0
Apr 11 19:52:03 localhost kernel: SRAT: PXM 0 -> APIC 0x60 -> Node 0
Apr 11 19:52:03 localhost kernel: SRAT: PXM 0 -> APIC 0x62 -> Node 0
Apr 11 19:52:03 localhost kernel: SRAT: PXM 0 -> APIC 0x64 -> Node 0
Apr 11 19:52:03 localhost kernel: SRAT: PXM 0 -> APIC 0x66 -> Node 0
Apr 11 19:52:03 localhost kernel: SRAT: PXM 0 -> APIC 0x68 -> Node 0
Apr 11 19:52:03 localhost kernel: SRAT: PXM 0 -> APIC 0x6a -> Node 0
Apr 11 19:52:03 localhost kernel: SRAT: PXM 0 -> APIC 0x6c -> Node 0
Apr 11 19:52:03 localhost kernel: SRAT: PXM 0 -> APIC 0x6e -> Node 0
Apr 11 19:52:03 localhost kernel: SRAT: PXM 0 -> APIC 0x70 -> Node 0
Apr 11 19:52:03 localhost kernel: SRAT: PXM 0 -> APIC 0x72 -> Node 0
Apr 11 19:52:03 localhost kernel: SRAT: PXM 0 -> APIC 0x74 -> Node 0
Apr 11 19:52:03 localhost kernel: SRAT: PXM 0 -> APIC 0x76 -> Node 0
Apr 11 19:52:03 localhost kernel: SRAT: PXM 0 -> APIC 0x78 -> Node 0
Apr 11 19:52:03 localhost kernel: SRAT: PXM 0 -> APIC 0x7a -> Node 0
Apr 11 19:52:03 localhost kernel: SRAT: PXM 0 -> APIC 0x7c -> Node 0
Apr 11 19:52:03 localhost kernel: SRAT: PXM 0 -> APIC 0x7e -> Node 0
Apr 11 19:52:03 localhost kernel: SRAT: PXM 0 -> APIC 0x80 -> Node 0
Apr 11 19:52:03 localhost kernel: SRAT: PXM 0 -> APIC 0x82 -> Node 0
Apr 11 19:52:03 localhost kernel: SRAT: PXM 0 -> APIC 0x84 -> Node 0
Apr 11 19:52:03 localhost kernel: SRAT: PXM 0 -> APIC 0x86 -> Node 0
Apr 11 19:52:03 localhost kernel: SRAT: PXM 0 -> APIC 0x88 -> Node 0
Apr 11 19:52:03 localhost kernel: SRAT: PXM 0 -> APIC 0x8a -> Node 0
Apr 11 19:52:03 localhost kernel: SRAT: PXM 0 -> APIC 0x8c -> Node 0
Apr 11 19:52:03 localhost kernel: SRAT: PXM 0 -> APIC 0x8e -> Node 0
Apr 11 19:52:03 localhost kernel: SRAT: PXM 0 -> APIC 0x90 -> Node 0
Apr 11 19:52:03 localhost kernel: SRAT: PXM 0 -> APIC 0x92 -> Node 0
Apr 11 19:52:03 localhost kernel: SRAT: PXM 0 -> APIC 0x94 -> Node 0
Apr 11 19:52:03 localhost kernel: SRAT: PXM 0 -> APIC 0x96 -> Node 0
Apr 11 19:52:03 localhost kernel: SRAT: PXM 0 -> APIC 0x98 -> Node 0
Apr 11 19:52:03 localhost kernel: SRAT: PXM 0 -> APIC 0x9a -> Node 0
Apr 11 19:52:03 localhost kernel: SRAT: PXM 0 -> APIC 0x9c -> Node 0
Apr 11 19:52:03 localhost kernel: SRAT: PXM 0 -> APIC 0x9e -> Node 0
Apr 11 19:52:03 localhost kernel: SRAT: PXM 0 -> APIC 0xa0 -> Node 0
Apr 11 19:52:03 localhost kernel: SRAT: PXM 0 -> APIC 0xa2 -> Node 0
Apr 11 19:52:03 localhost kernel: SRAT: PXM 0 -> APIC 0xa4 -> Node 0
Apr 11 19:52:03 localhost kernel: SRAT: PXM 0 -> APIC 0xa6 -> Node 0
Apr 11 19:52:03 localhost kernel: SRAT: PXM 0 -> APIC 0xa8 -> Node 0
Apr 11 19:52:03 localhost kernel: SRAT: PXM 0 -> APIC 0xaa -> Node 0
Apr 11 19:52:03 localhost kernel: SRAT: PXM 0 -> APIC 0xac -> Node 0
Apr 11 19:52:03 localhost kernel: SRAT: PXM 0 -> APIC 0xae -> Node 0
Apr 11 19:52:03 localhost kernel: SRAT: PXM 0 -> APIC 0xb0 -> Node 0
Apr 11 19:52:03 localhost kernel: SRAT: PXM 0 -> APIC 0xb2 -> Node 0
Apr 11 19:52:03 localhost kernel: SRAT: PXM 0 -> APIC 0xb4 -> Node 0
Apr 11 19:52:03 localhost kernel: SRAT: PXM 0 -> APIC 0xb6 -> Node 0
Apr 11 19:52:03 localhost kernel: SRAT: PXM 0 -> APIC 0xb8 -> Node 0
Apr 11 19:52:03 localhost kernel: SRAT: PXM 0 -> APIC 0xba -> Node 0
Apr 11 19:52:03 localhost kernel: SRAT: PXM 0 -> APIC 0xbc -> Node 0
Apr 11 19:52:03 localhost kernel: SRAT: PXM 0 -> APIC 0xbe -> Node 0
Apr 11 19:52:03 localhost kernel: SRAT: PXM 0 -> APIC 0xc0 -> Node 0
Apr 11 19:52:03 localhost kernel: SRAT: PXM 0 -> APIC 0xc2 -> Node 0
Apr 11 19:52:03 localhost kernel: SRAT: PXM 0 -> APIC 0xc4 -> Node 0
Apr 11 19:52:03 localhost kernel: SRAT: PXM 0 -> APIC 0xc6 -> Node 0
Apr 11 19:52:03 localhost kernel: SRAT: PXM 0 -> APIC 0xc8 -> Node 0
Apr 11 19:52:03 localhost kernel: SRAT: PXM 0 -> APIC 0xca -> Node 0
Apr 11 19:52:03 localhost kernel: SRAT: PXM 0 -> APIC 0xcc -> Node 0
Apr 11 19:52:03 localhost kernel: SRAT: PXM 0 -> APIC 0xce -> Node 0
Apr 11 19:52:03 localhost kernel: SRAT: PXM 0 -> APIC 0xd0 -> Node 0
Apr 11 19:52:03 localhost kernel: SRAT: PXM 0 -> APIC 0xd2 -> Node 0
Apr 11 19:52:03 localhost kernel: SRAT: PXM 0 -> APIC 0xd4 -> Node 0
Apr 11 19:52:03 localhost kernel: SRAT: PXM 0 -> APIC 0xd6 -> Node 0
Apr 11 19:52:03 localhost kernel: SRAT: PXM 0 -> APIC 0xd8 -> Node 0
Apr 11 19:52:03 localhost kernel: SRAT: PXM 0 -> APIC 0xda -> Node 0
Apr 11 19:52:03 localhost kernel: SRAT: PXM 0 -> APIC 0xdc -> Node 0
Apr 11 19:52:03 localhost kernel: SRAT: PXM 0 -> APIC 0xde -> Node 0
Apr 11 19:52:03 localhost kernel: SRAT: PXM 0 -> APIC 0xe0 -> Node 0
Apr 11 19:52:03 localhost kernel: SRAT: PXM 0 -> APIC 0xe2 -> Node 0
Apr 11 19:52:03 localhost kernel: SRAT: PXM 0 -> APIC 0xe4 -> Node 0
Apr 11 19:52:03 localhost kernel: SRAT: PXM 0 -> APIC 0xe6 -> Node 0
Apr 11 19:52:03 localhost kernel: SRAT: PXM 0 -> APIC 0xe8 -> Node 0
Apr 11 19:52:03 localhost kernel: SRAT: PXM 0 -> APIC 0xea -> Node 0
Apr 11 19:52:03 localhost kernel: SRAT: PXM 0 -> APIC 0xec -> Node 0
Apr 11 19:52:03 localhost kernel: SRAT: PXM 0 -> APIC 0xee -> Node 0
Apr 11 19:52:03 localhost kernel: SRAT: PXM 0 -> APIC 0xf0 -> Node 0
Apr 11 19:52:03 localhost kernel: SRAT: PXM 0 -> APIC 0xf2 -> Node 0
Apr 11 19:52:03 localhost kernel: SRAT: PXM 0 -> APIC 0xf4 -> Node 0
Apr 11 19:52:03 localhost kernel: SRAT: PXM 0 -> APIC 0xf6 -> Node 0
Apr 11 19:52:03 localhost kernel: SRAT: PXM 0 -> APIC 0xf8 -> Node 0
Apr 11 19:52:03 localhost kernel: SRAT: PXM 0 -> APIC 0xfa -> Node 0
Apr 11 19:52:03 localhost kernel: SRAT: PXM 0 -> APIC 0xfc -> Node 0
Apr 11 19:52:03 localhost kernel: SRAT: PXM 0 -> APIC 0xfe -> Node 0
Apr 11 19:52:03 localhost kernel: ACPI: SRAT: Node 0 PXM 0 [mem 0x00000000-0x0009ffff]
Apr 11 19:52:03 localhost kernel: ACPI: SRAT: Node 0 PXM 0 [mem 0x00100000-0xbfffffff]
Apr 11 19:52:03 localhost kernel: ACPI: SRAT: Node 0 PXM 0 [mem 0x100000000-0x13fffffff]
Apr 11 19:52:03 localhost kernel: ACPI: SRAT: Node 0 PXM 0 [mem 0x140000000-0x103fffffff] hotplug
Apr 11 19:52:03 localhost kernel: NUMA: Node 0 [mem 0x00000000-0x0009ffff] + [mem 0x00100000-0xbfffffff] -> [mem 0x00000000-0xbfffffff]
Apr 11 19:52:03 localhost kernel: NUMA: Node 0 [mem 0x00000000-0xbfffffff] + [mem 0x100000000-0x13fffffff] -> [mem 0x00000000-0x13fffffff]
Apr 11 19:52:03 localhost kernel: NODE_DATA(0) allocated [mem 0x13ffd5000-0x13fffffff]
Apr 11 19:52:03 localhost kernel: Zone ranges:
Apr 11 19:52:03 localhost kernel:  DMA      [mem 0x0000000000001000-0x0000000000ffffff]
Apr 11 19:52:03 localhost kernel:  DMA32    [mem 0x0000000001000000-0x00000000ffffffff]
Apr 11 19:52:03 localhost kernel:  Normal   [mem 0x0000000100000000-0x000000013fffffff]
Apr 11 19:52:03 localhost kernel:  Device   empty
Apr 11 19:52:03 localhost kernel: Movable zone start for each node
Apr 11 19:52:03 localhost kernel: Early memory node ranges
Apr 11 19:52:03 localhost kernel:  node   0: [mem 0x0000000000001000-0x000000000009dfff]
Apr 11 19:52:03 localhost kernel:  node   0: [mem 0x0000000000100000-0x00000000bfecffff]
Apr 11 19:52:03 localhost kernel:  node   0: [mem 0x00000000bff00000-0x00000000bfffffff]
Apr 11 19:52:03 localhost kernel:  node   0: [mem 0x0000000100000000-0x000000013fffffff]
Apr 11 19:52:03 localhost kernel: Reserved but unavailable: 147 pages
Apr 11 19:52:03 localhost kernel: Initmem setup node 0 [mem 0x0000000000001000-0x000000013fffffff]
Apr 11 19:52:03 localhost kernel: ACPI: PM-Timer IO Port: 0x1008
Apr 11 19:52:03 localhost kernel: ACPI: LAPIC_NMI (acpi_id[0x00] high edge lint[0x1])
Apr 11 19:52:03 localhost kernel: ACPI: LAPIC_NMI (acpi_id[0x01] high edge lint[0x1])
Apr 11 19:52:03 localhost kernel: ACPI: LAPIC_NMI (acpi_id[0x02] high edge lint[0x1])
Apr 11 19:52:03 localhost kernel: ACPI: LAPIC_NMI (acpi_id[0x03] high edge lint[0x1])
Apr 11 19:52:03 localhost kernel: ACPI: LAPIC_NMI (acpi_id[0x04] high edge lint[0x1])
Apr 11 19:52:03 localhost kernel: ACPI: LAPIC_NMI (acpi_id[0x05] high edge lint[0x1])
Apr 11 19:52:03 localhost kernel: ACPI: LAPIC_NMI (acpi_id[0x06] high edge lint[0x1])
Apr 11 19:52:03 localhost kernel: ACPI: LAPIC_NMI (acpi_id[0x07] high edge lint[0x1])
Apr 11 19:52:03 localhost kernel: ACPI: LAPIC_NMI (acpi_id[0x08] high edge lint[0x1])
Apr 11 19:52:03 localhost kernel: ACPI: LAPIC_NMI (acpi_id[0x09] high edge lint[0x1])
Apr 11 19:52:03 localhost kernel: ACPI: LAPIC_NMI (acpi_id[0x0a] high edge lint[0x1])
Apr 11 19:52:03 localhost kernel: ACPI: LAPIC_NMI (acpi_id[0x0b] high edge lint[0x1])
Apr 11 19:52:03 localhost kernel: ACPI: LAPIC_NMI (acpi_id[0x0c] high edge lint[0x1])
Apr 11 19:52:03 localhost kernel: ACPI: LAPIC_NMI (acpi_id[0x0d] high edge lint[0x1])
Apr 11 19:52:03 localhost kernel: ACPI: LAPIC_NMI (acpi_id[0x0e] high edge lint[0x1])
Apr 11 19:52:03 localhost kernel: ACPI: LAPIC_NMI (acpi_id[0x0f] high edge lint[0x1])
Apr 11 19:52:03 localhost kernel: ACPI: LAPIC_NMI (acpi_id[0x10] high edge lint[0x1])
Apr 11 19:52:03 localhost kernel: ACPI: LAPIC_NMI (acpi_id[0x11] high edge lint[0x1])
Apr 11 19:52:03 localhost kernel: ACPI: LAPIC_NMI (acpi_id[0x12] high edge lint[0x1])
Apr 11 19:52:03 localhost kernel: ACPI: LAPIC_NMI (acpi_id[0x13] high edge lint[0x1])
Apr 11 19:52:03 localhost kernel: ACPI: LAPIC_NMI (acpi_id[0x14] high edge lint[0x1])
Apr 11 19:52:03 localhost kernel: ACPI: LAPIC_NMI (acpi_id[0x15] high edge lint[0x1])
Apr 11 19:52:03 localhost kernel: ACPI: LAPIC_NMI (acpi_id[0x16] high edge lint[0x1])
Apr 11 19:52:03 localhost kernel: ACPI: LAPIC_NMI (acpi_id[0x17] high edge lint[0x1])
Apr 11 19:52:03 localhost kernel: ACPI: LAPIC_NMI (acpi_id[0x18] high edge lint[0x1])
Apr 11 19:52:03 localhost kernel: ACPI: LAPIC_NMI (acpi_id[0x19] high edge lint[0x1])
Apr 11 19:52:03 localhost kernel: ACPI: LAPIC_NMI (acpi_id[0x1a] high edge lint[0x1])
Apr 11 19:52:03 localhost kernel: ACPI: LAPIC_NMI (acpi_id[0x1b] high edge lint[0x1])
Apr 11 19:52:03 localhost kernel: ACPI: LAPIC_NMI (acpi_id[0x1c] high edge lint[0x1])
Apr 11 19:52:03 localhost kernel: ACPI: LAPIC_NMI (acpi_id[0x1d] high edge lint[0x1])
Apr 11 19:52:03 localhost kernel: ACPI: LAPIC_NMI (acpi_id[0x1e] high edge lint[0x1])
Apr 11 19:52:03 localhost kernel: ACPI: LAPIC_NMI (acpi_id[0x1f] high edge lint[0x1])
Apr 11 19:52:03 localhost kernel: ACPI: LAPIC_NMI (acpi_id[0x20] high edge lint[0x1])
Apr 11 19:52:03 localhost kernel: ACPI: LAPIC_NMI (acpi_id[0x21] high edge lint[0x1])
Apr 11 19:52:03 localhost kernel: ACPI: LAPIC_NMI (acpi_id[0x22] high edge lint[0x1])
Apr 11 19:52:03 localhost kernel: ACPI: LAPIC_NMI (acpi_id[0x23] high edge lint[0x1])
Apr 11 19:52:03 localhost kernel: ACPI: LAPIC_NMI (acpi_id[0x24] high edge lint[0x1])
Apr 11 19:52:03 localhost kernel: ACPI: LAPIC_NMI (acpi_id[0x25] high edge lint[0x1])
Apr 11 19:52:03 localhost kernel: ACPI: LAPIC_NMI (acpi_id[0x26] high edge lint[0x1])
Apr 11 19:52:03 localhost kernel: ACPI: LAPIC_NMI (acpi_id[0x27] high edge lint[0x1])
Apr 11 19:52:03 localhost kernel: ACPI: LAPIC_NMI (acpi_id[0x28] high edge lint[0x1])
Apr 11 19:52:03 localhost kernel: ACPI: LAPIC_NMI (acpi_id[0x29] high edge lint[0x1])
Apr 11 19:52:03 localhost kernel: ACPI: LAPIC_NMI (acpi_id[0x2a] high edge lint[0x1])
Apr 11 19:52:03 localhost kernel: ACPI: LAPIC_NMI (acpi_id[0x2b] high edge lint[0x1])
Apr 11 19:52:03 localhost kernel: ACPI: LAPIC_NMI (acpi_id[0x2c] high edge lint[0x1])
Apr 11 19:52:03 localhost kernel: ACPI: LAPIC_NMI (acpi_id[0x2d] high edge lint[0x1])
Apr 11 19:52:03 localhost kernel: ACPI: LAPIC_NMI (acpi_id[0x2e] high edge lint[0x1])
Apr 11 19:52:03 localhost kernel: ACPI: LAPIC_NMI (acpi_id[0x2f] high edge lint[0x1])
Apr 11 19:52:03 localhost kernel: ACPI: LAPIC_NMI (acpi_id[0x30] high edge lint[0x1])
Apr 11 19:52:03 localhost kernel: ACPI: LAPIC_NMI (acpi_id[0x31] high edge lint[0x1])
Apr 11 19:52:03 localhost kernel: ACPI: LAPIC_NMI (acpi_id[0x32] high edge lint[0x1])
Apr 11 19:52:03 localhost kernel: ACPI: LAPIC_NMI (acpi_id[0x33] high edge lint[0x1])
Apr 11 19:52:03 localhost kernel: ACPI: LAPIC_NMI (acpi_id[0x34] high edge lint[0x1])
Apr 11 19:52:03 localhost kernel: ACPI: LAPIC_NMI (acpi_id[0x35] high edge lint[0x1])
Apr 11 19:52:03 localhost kernel: ACPI: LAPIC_NMI (acpi_id[0x36] high edge lint[0x1])
Apr 11 19:52:03 localhost kernel: ACPI: LAPIC_NMI (acpi_id[0x37] high edge lint[0x1])
Apr 11 19:52:03 localhost kernel: ACPI: LAPIC_NMI (acpi_id[0x38] high edge lint[0x1])
Apr 11 19:52:03 localhost kernel: ACPI: LAPIC_NMI (acpi_id[0x39] high edge lint[0x1])
Apr 11 19:52:03 localhost kernel: ACPI: LAPIC_NMI (acpi_id[0x3a] high edge lint[0x1])
Apr 11 19:52:03 localhost kernel: ACPI: LAPIC_NMI (acpi_id[0x3b] high edge lint[0x1])
Apr 11 19:52:03 localhost kernel: ACPI: LAPIC_NMI (acpi_id[0x3c] high edge lint[0x1])
Apr 11 19:52:03 localhost kernel: ACPI: LAPIC_NMI (acpi_id[0x3d] high edge lint[0x1])
Apr 11 19:52:03 localhost kernel: ACPI: LAPIC_NMI (acpi_id[0x3e] high edge lint[0x1])
Apr 11 19:52:03 localhost kernel: ACPI: LAPIC_NMI (acpi_id[0x3f] high edge lint[0x1])
Apr 11 19:52:03 localhost kernel: ACPI: LAPIC_NMI (acpi_id[0x40] high edge lint[0x1])
Apr 11 19:52:03 localhost kernel: ACPI: LAPIC_NMI (acpi_id[0x41] high edge lint[0x1])
Apr 11 19:52:03 localhost kernel: ACPI: LAPIC_NMI (acpi_id[0x42] high edge lint[0x1])
Apr 11 19:52:03 localhost kernel: ACPI: LAPIC_NMI (acpi_id[0x43] high edge lint[0x1])
Apr 11 19:52:03 localhost kernel: ACPI: LAPIC_NMI (acpi_id[0x44] high edge lint[0x1])
Apr 11 19:52:03 localhost kernel: ACPI: LAPIC_NMI (acpi_id[0x45] high edge lint[0x1])
Apr 11 19:52:03 localhost kernel: ACPI: LAPIC_NMI (acpi_id[0x46] high edge lint[0x1])
Apr 11 19:52:03 localhost kernel: ACPI: LAPIC_NMI (acpi_id[0x47] high edge lint[0x1])
Apr 11 19:52:03 localhost kernel: ACPI: LAPIC_NMI (acpi_id[0x48] high edge lint[0x1])
Apr 11 19:52:03 localhost kernel: ACPI: LAPIC_NMI (acpi_id[0x49] high edge lint[0x1])
Apr 11 19:52:03 localhost kernel: ACPI: LAPIC_NMI (acpi_id[0x4a] high edge lint[0x1])
Apr 11 19:52:03 localhost kernel: ACPI: LAPIC_NMI (acpi_id[0x4b] high edge lint[0x1])
Apr 11 19:52:03 localhost kernel: ACPI: LAPIC_NMI (acpi_id[0x4c] high edge lint[0x1])
Apr 11 19:52:03 localhost kernel: ACPI: LAPIC_NMI (acpi_id[0x4d] high edge lint[0x1])
Apr 11 19:52:03 localhost kernel: ACPI: LAPIC_NMI (acpi_id[0x4e] high edge lint[0x1])
Apr 11 19:52:03 localhost kernel: ACPI: LAPIC_NMI (acpi_id[0x4f] high edge lint[0x1])
Apr 11 19:52:03 localhost kernel: ACPI: LAPIC_NMI (acpi_id[0x50] high edge lint[0x1])
Apr 11 19:52:03 localhost kernel: ACPI: LAPIC_NMI (acpi_id[0x51] high edge lint[0x1])
Apr 11 19:52:03 localhost kernel: ACPI: LAPIC_NMI (acpi_id[0x52] high edge lint[0x1])
Apr 11 19:52:03 localhost kernel: ACPI: LAPIC_NMI (acpi_id[0x53] high edge lint[0x1])
Apr 11 19:52:03 localhost kernel: ACPI: LAPIC_NMI (acpi_id[0x54] high edge lint[0x1])
Apr 11 19:52:03 localhost kernel: ACPI: LAPIC_NMI (acpi_id[0x55] high edge lint[0x1])
Apr 11 19:52:03 localhost kernel: ACPI: LAPIC_NMI (acpi_id[0x56] high edge lint[0x1])
Apr 11 19:52:03 localhost kernel: ACPI: LAPIC_NMI (acpi_id[0x57] high edge lint[0x1])
Apr 11 19:52:03 localhost kernel: ACPI: LAPIC_NMI (acpi_id[0x58] high edge lint[0x1])
Apr 11 19:52:03 localhost kernel: ACPI: LAPIC_NMI (acpi_id[0x59] high edge lint[0x1])
Apr 11 19:52:03 localhost kernel: ACPI: LAPIC_NMI (acpi_id[0x5a] high edge lint[0x1])
Apr 11 19:52:03 localhost kernel: ACPI: LAPIC_NMI (acpi_id[0x5b] high edge lint[0x1])
Apr 11 19:52:03 localhost kernel: ACPI: LAPIC_NMI (acpi_id[0x5c] high edge lint[0x1])
Apr 11 19:52:03 localhost kernel: ACPI: LAPIC_NMI (acpi_id[0x5d] high edge lint[0x1])
Apr 11 19:52:03 localhost kernel: ACPI: LAPIC_NMI (acpi_id[0x5e] high edge lint[0x1])
Apr 11 19:52:03 localhost kernel: ACPI: LAPIC_NMI (acpi_id[0x5f] high edge lint[0x1])
Apr 11 19:52:03 localhost kernel: ACPI: LAPIC_NMI (acpi_id[0x60] high edge lint[0x1])
Apr 11 19:52:03 localhost kernel: ACPI: LAPIC_NMI (acpi_id[0x61] high edge lint[0x1])
Apr 11 19:52:03 localhost kernel: ACPI: LAPIC_NMI (acpi_id[0x62] high edge lint[0x1])
Apr 11 19:52:03 localhost kernel: ACPI: LAPIC_NMI (acpi_id[0x63] high edge lint[0x1])
Apr 11 19:52:03 localhost kernel: ACPI: LAPIC_NMI (acpi_id[0x64] high edge lint[0x1])
Apr 11 19:52:03 localhost kernel: ACPI: LAPIC_NMI (acpi_id[0x65] high edge lint[0x1])
Apr 11 19:52:03 localhost kernel: ACPI: LAPIC_NMI (acpi_id[0x66] high edge lint[0x1])
Apr 11 19:52:03 localhost kernel: ACPI: LAPIC_NMI (acpi_id[0x67] high edge lint[0x1])
Apr 11 19:52:03 localhost kernel: ACPI: LAPIC_NMI (acpi_id[0x68] high edge lint[0x1])
Apr 11 19:52:03 localhost kernel: ACPI: LAPIC_NMI (acpi_id[0x69] high edge lint[0x1])
Apr 11 19:52:03 localhost kernel: ACPI: LAPIC_NMI (acpi_id[0x6a] high edge lint[0x1])
Apr 11 19:52:03 localhost kernel: ACPI: LAPIC_NMI (acpi_id[0x6b] high edge lint[0x1])
Apr 11 19:52:03 localhost kernel: ACPI: LAPIC_NMI (acpi_id[0x6c] high edge lint[0x1])
Apr 11 19:52:03 localhost kernel: ACPI: LAPIC_NMI (acpi_id[0x6d] high edge lint[0x1])
Apr 11 19:52:03 localhost kernel: ACPI: LAPIC_NMI (acpi_id[0x6e] high edge lint[0x1])
Apr 11 19:52:03 localhost kernel: ACPI: LAPIC_NMI (acpi_id[0x6f] high edge lint[0x1])
Apr 11 19:52:03 localhost kernel: ACPI: LAPIC_NMI (acpi_id[0x70] high edge lint[0x1])
Apr 11 19:52:03 localhost kernel: ACPI: LAPIC_NMI (acpi_id[0x71] high edge lint[0x1])
Apr 11 19:52:03 localhost kernel: ACPI: LAPIC_NMI (acpi_id[0x72] high edge lint[0x1])
Apr 11 19:52:03 localhost kernel: ACPI: LAPIC_NMI (acpi_id[0x73] high edge lint[0x1])
Apr 11 19:52:03 localhost kernel: ACPI: LAPIC_NMI (acpi_id[0x74] high edge lint[0x1])
Apr 11 19:52:03 localhost kernel: ACPI: LAPIC_NMI (acpi_id[0x75] high edge lint[0x1])
Apr 11 19:52:03 localhost kernel: ACPI: LAPIC_NMI (acpi_id[0x76] high edge lint[0x1])
Apr 11 19:52:03 localhost kernel: ACPI: LAPIC_NMI (acpi_id[0x77] high edge lint[0x1])
Apr 11 19:52:03 localhost kernel: ACPI: LAPIC_NMI (acpi_id[0x78] high edge lint[0x1])
Apr 11 19:52:03 localhost kernel: ACPI: LAPIC_NMI (acpi_id[0x79] high edge lint[0x1])
Apr 11 19:52:03 localhost kernel: ACPI: LAPIC_NMI (acpi_id[0x7a] high edge lint[0x1])
Apr 11 19:52:03 localhost kernel: ACPI: LAPIC_NMI (acpi_id[0x7b] high edge lint[0x1])
Apr 11 19:52:03 localhost kernel: ACPI: LAPIC_NMI (acpi_id[0x7c] high edge lint[0x1])
Apr 11 19:52:03 localhost kernel: ACPI: LAPIC_NMI (acpi_id[0x7d] high edge lint[0x1])
Apr 11 19:52:03 localhost kernel: ACPI: LAPIC_NMI (acpi_id[0x7e] high edge lint[0x1])
Apr 11 19:52:03 localhost kernel: ACPI: LAPIC_NMI (acpi_id[0x7f] high edge lint[0x1])
Apr 11 19:52:03 localhost kernel: IOAPIC[0]: apic_id 1, version 32, address 0xfec00000, GSI 0-23
Apr 11 19:52:03 localhost kernel: ACPI: INT_SRC_OVR (bus 0 bus_irq 0 global_irq 2 high edge)
Apr 11 19:52:03 localhost kernel: Using ACPI (MADT) for SMP configuration information
Apr 11 19:52:03 localhost kernel: smpboot: Allowing 128 CPUs, 126 hotplug CPUs
Apr 11 19:52:03 localhost kernel: PM: Registered nosave memory: [mem 0x00000000-0x00000fff]
Apr 11 19:52:03 localhost kernel: PM: Registered nosave memory: [mem 0x0009e000-0x0009efff]
Apr 11 19:52:03 localhost kernel: PM: Registered nosave memory: [mem 0x0009f000-0x0009ffff]
Apr 11 19:52:03 localhost kernel: PM: Registered nosave memory: [mem 0x000a0000-0x000dbfff]
Apr 11 19:52:03 localhost kernel: PM: Registered nosave memory: [mem 0x000dc000-0x000fffff]
Apr 11 19:52:03 localhost kernel: PM: Registered nosave memory: [mem 0xbfed0000-0xbfefefff]
Apr 11 19:52:03 localhost kernel: PM: Registered nosave memory: [mem 0xbfeff000-0xbfefffff]
Apr 11 19:52:03 localhost kernel: PM: Registered nosave memory: [mem 0xc0000000-0xefffffff]
Apr 11 19:52:03 localhost kernel: PM: Registered nosave memory: [mem 0xf0000000-0xf7ffffff]
Apr 11 19:52:03 localhost kernel: PM: Registered nosave memory: [mem 0xf8000000-0xfebfffff]
Apr 11 19:52:03 localhost kernel: PM: Registered nosave memory: [mem 0xfec00000-0xfec0ffff]
Apr 11 19:52:03 localhost kernel: PM: Registered nosave memory: [mem 0xfec10000-0xfedfffff]
Apr 11 19:52:03 localhost kernel: PM: Registered nosave memory: [mem 0xfee00000-0xfee00fff]
Apr 11 19:52:03 localhost kernel: PM: Registered nosave memory: [mem 0xfee01000-0xfffdffff]
Apr 11 19:52:03 localhost kernel: PM: Registered nosave memory: [mem 0xfffe0000-0xffffffff]
Apr 11 19:52:03 localhost kernel: [mem 0xc0000000-0xefffffff] available for PCI devices
Apr 11 19:52:03 localhost kernel: Booting paravirtualized kernel on VMware hypervisor
Apr 11 19:52:03 localhost kernel: clocksource: refined-jiffies: mask: 0xffffffff max_cycles: 0xffffffff, max_idle_ns: 1910969940391419 ns
Apr 11 19:52:03 localhost kernel: random: get_random_bytes called from start_kernel+0x93/0x558 with crng_init=0
Apr 11 19:52:03 localhost kernel: setup_percpu: NR_CPUS:1024 nr_cpumask_bits:128 nr_cpu_ids:128 nr_node_ids:1
Apr 11 19:52:03 localhost kernel: percpu: Embedded 45 pages/cpu @(____ptrval____) s147456 r8192 d28672 u262144
Apr 11 19:52:03 localhost kernel: Built 1 zonelists, mobility grouping on.  Total pages: 1032024
Apr 11 19:52:03 localhost kernel: Policy zone: Normal
Apr 11 19:52:03 localhost kernel: Kernel command line: BOOT_IMAGE=/vmlinuz-4.18.16-300.fc29.x86_64 root=/dev/mapper/fedora-root ro resume=/dev/mapper/fedora-swap rd.lvm.lv=fedora/root rd.lvm.lv=fedora/swap rhgb quiet LANG=en_US.UTF-8
Apr 11 19:52:03 localhost kernel: log_buf_len individual max cpu contribution: 4096 bytes
Apr 11 19:52:03 localhost kernel: log_buf_len total cpu_extra contributions: 520192 bytes
Apr 11 19:52:03 localhost kernel: log_buf_len min size: 262144 bytes
Apr 11 19:52:03 localhost kernel: log_buf_len: 1048576 bytes
Apr 11 19:52:03 localhost kernel: early log buf free: 235636(89%)
Apr 11 19:52:03 localhost kernel: Memory: 3987112K/4193716K available (12300K kernel code, 1624K rwdata, 4056K rodata, 2160K init, 1336K bss, 206604K reserved, 0K cma-reserved)
Apr 11 19:52:03 localhost kernel: SLUB: HWalign=64, Order=0-3, MinObjects=0, CPUs=128, Nodes=1
Apr 11 19:52:03 localhost kernel: Kernel/User page tables isolation: enabled
Apr 11 19:52:03 localhost kernel: ftrace: allocating 37988 entries in 149 pages
Apr 11 19:52:03 localhost kernel: Hierarchical RCU implementation.
Apr 11 19:52:03 localhost kernel: #011RCU restricting CPUs from NR_CPUS=1024 to nr_cpu_ids=128.
Apr 11 19:52:03 localhost kernel: #011Tasks RCU enabled.
Apr 11 19:52:03 localhost kernel: RCU: Adjusting geometry for rcu_fanout_leaf=16, nr_cpu_ids=128
Apr 11 19:52:03 localhost kernel: NR_IRQS: 65792, nr_irqs: 1448, preallocated irqs: 16
Apr 11 19:52:03 localhost kernel: Console: colour VGA+ 80x25
Apr 11 19:52:03 localhost kernel: console [tty0] enabled
Apr 11 19:52:03 localhost kernel: ACPI: Core revision 20180531
Apr 11 19:52:03 localhost kernel: APIC: Switch to symmetric I/O mode setup
Apr 11 19:52:03 localhost kernel: x2apic enabled
Apr 11 19:52:03 localhost kernel: Switched APIC routing to physical x2apic.
Apr 11 19:52:03 localhost kernel: ..TIMER: vector=0x30 apic1=0 pin1=2 apic2=-1 pin2=-1
Apr 11 19:52:03 localhost kernel: tsc: Detected 2112.002 MHz processor
Apr 11 19:52:03 localhost kernel: clocksource: tsc-early: mask: 0xffffffffffffffff max_cycles: 0x1e717a67afe, max_idle_ns: 440795258295 ns
Apr 11 19:52:03 localhost kernel: Calibrating delay loop (skipped) preset value.. 4224.00 BogoMIPS (lpj=2112002)
Apr 11 19:52:03 localhost kernel: pid_max: default: 131072 minimum: 1024
Apr 11 19:52:03 localhost kernel: Security Framework initialized
Apr 11 19:52:03 localhost kernel: Yama: becoming mindful.
Apr 11 19:52:03 localhost kernel: SELinux:  Initializing.
Apr 11 19:52:03 localhost kernel: Dentry cache hash table entries: 524288 (order: 10, 4194304 bytes)
Apr 11 19:52:03 localhost kernel: Inode-cache hash table entries: 262144 (order: 9, 2097152 bytes)
Apr 11 19:52:03 localhost kernel: Mount-cache hash table entries: 8192 (order: 4, 65536 bytes)
Apr 11 19:52:03 localhost kernel: Mountpoint-cache hash table entries: 8192 (order: 4, 65536 bytes)
Apr 11 19:52:03 localhost kernel: Disabled fast string operations
Apr 11 19:52:03 localhost kernel: mce: CPU supports 8 MCE banks
Apr 11 19:52:03 localhost kernel: Last level iTLB entries: 4KB 64, 2MB 8, 4MB 8
Apr 11 19:52:03 localhost kernel: Last level dTLB entries: 4KB 64, 2MB 0, 4MB 0, 1GB 4
Apr 11 19:52:03 localhost kernel: Spectre V2 : Mitigation: Full generic retpoline
Apr 11 19:52:03 localhost kernel: Spectre V2 : Spectre v2 / SpectreRSB mitigation: Filling RSB on context switch
Apr 11 19:52:03 localhost kernel: Spectre V2 : Spectre v2 mitigation: Enabling Indirect Branch Prediction Barrier
Apr 11 19:52:03 localhost kernel: Spectre V2 : Enabling Restricted Speculation for firmware calls
Apr 11 19:52:03 localhost kernel: Speculative Store Bypass: Mitigation: Speculative Store Bypass disabled via prctl and seccomp
Apr 11 19:52:03 localhost kernel: Freeing SMP alternatives memory: 36K
Apr 11 19:52:03 localhost kernel: smpboot: CPU0: Intel(R) Core(TM) i7-8650U CPU @ 1.90GHz (family: 0x6, model: 0x8e, stepping: 0xa)
Apr 11 19:52:03 localhost kernel: Performance Events: Skylake events, core PMU driver.
Apr 11 19:52:03 localhost kernel: core: CPUID marked event: 'cpu cycles' unavailable
Apr 11 19:52:03 localhost kernel: core: CPUID marked event: 'instructions' unavailable
Apr 11 19:52:03 localhost kernel: core: CPUID marked event: 'bus cycles' unavailable
Apr 11 19:52:03 localhost kernel: core: CPUID marked event: 'cache references' unavailable
Apr 11 19:52:03 localhost kernel: core: CPUID marked event: 'cache misses' unavailable
Apr 11 19:52:03 localhost kernel: core: CPUID marked event: 'branch instructions' unavailable
Apr 11 19:52:03 localhost kernel: core: CPUID marked event: 'branch misses' unavailable
Apr 11 19:52:03 localhost kernel: ... version:                1
Apr 11 19:52:03 localhost kernel: ... bit width:              48
Apr 11 19:52:03 localhost kernel: ... generic registers:      4
Apr 11 19:52:03 localhost kernel: ... value mask:             0000ffffffffffff
Apr 11 19:52:03 localhost kernel: ... max period:             000000007fffffff
Apr 11 19:52:03 localhost kernel: ... fixed-purpose events:   0
Apr 11 19:52:03 localhost kernel: ... event mask:             000000000000000f
Apr 11 19:52:03 localhost kernel: Hierarchical SRCU implementation.
Apr 11 19:52:03 localhost kernel: random: crng done (trusting CPU's manufacturer)
Apr 11 19:52:03 localhost kernel: NMI watchdog: Perf event create on CPU 0 failed with -2
Apr 11 19:52:03 localhost kernel: NMI watchdog: Perf NMI watchdog permanently disabled
Apr 11 19:52:03 localhost kernel: smp: Bringing up secondary CPUs ...
Apr 11 19:52:03 localhost kernel: x86: Booting SMP configuration:
Apr 11 19:52:03 localhost kernel: .... node  #0, CPUs:          #1
Apr 11 19:52:03 localhost kernel: Disabled fast string operations
Apr 11 19:52:03 localhost kernel: smpboot: CPU 1 Converting physical 2 to logical package 1
Apr 11 19:52:03 localhost kernel: smp: Brought up 1 node, 2 CPUs
Apr 11 19:52:03 localhost kernel: smpboot: Max logical packages: 128
Apr 11 19:52:03 localhost kernel: smpboot: Total of 2 processors activated (8448.00 BogoMIPS)
Apr 11 19:52:03 localhost kernel: devtmpfs: initialized
Apr 11 19:52:03 localhost kernel: x86/mm: Memory block size: 128MB
Apr 11 19:52:03 localhost kernel: PM: Registering ACPI NVS region [mem 0xbfeff000-0xbfefffff] (4096 bytes)
Apr 11 19:52:03 localhost kernel: clocksource: jiffies: mask: 0xffffffff max_cycles: 0xffffffff, max_idle_ns: 1911260446275000 ns
Apr 11 19:52:03 localhost kernel: futex hash table entries: 32768 (order: 9, 2097152 bytes)
Apr 11 19:52:03 localhost kernel: pinctrl core: initialized pinctrl subsystem
Apr 11 19:52:03 localhost kernel: RTC time:  2:52:02, date: 04/12/19
Apr 11 19:52:03 localhost kernel: NET: Registered protocol family 16
Apr 11 19:52:03 localhost kernel: audit: initializing netlink subsys (disabled)
Apr 11 19:52:03 localhost kernel: audit: type=2000 audit(1555037522.077:1): state=initialized audit_enabled=0 res=1
Apr 11 19:52:03 localhost kernel: cpuidle: using governor menu
Apr 11 19:52:03 localhost kernel: Simple Boot Flag at 0x36 set to 0x80
Apr 11 19:52:03 localhost kernel: ACPI: bus type PCI registered
Apr 11 19:52:03 localhost kernel: acpiphp: ACPI Hot Plug PCI Controller Driver version: 0.5
Apr 11 19:52:03 localhost kernel: PCI: MMCONFIG for domain 0000 [bus 00-7f] at [mem 0xf0000000-0xf7ffffff] (base 0xf0000000)
Apr 11 19:52:03 localhost kernel: PCI: MMCONFIG at [mem 0xf0000000-0xf7ffffff] reserved in E820
Apr 11 19:52:03 localhost kernel: pmd_set_huge: Cannot satisfy [mem 0xf0000000-0xf0200000] with a huge-page mapping due to MTRR override.
Apr 11 19:52:03 localhost kernel: PCI: Using configuration type 1 for base access
Apr 11 19:52:03 localhost kernel: HugeTLB registered 1.00 GiB page size, pre-allocated 0 pages
Apr 11 19:52:03 localhost kernel: HugeTLB registered 2.00 MiB page size, pre-allocated 0 pages
Apr 11 19:52:03 localhost kernel: cryptd: max_cpu_qlen set to 1000
Apr 11 19:52:03 localhost kernel: ACPI: Added _OSI(Module Device)
Apr 11 19:52:03 localhost kernel: ACPI: Added _OSI(Processor Device)
Apr 11 19:52:03 localhost kernel: ACPI: Added _OSI(3.0 _SCP Extensions)
Apr 11 19:52:03 localhost kernel: ACPI: Added _OSI(Processor Aggregator Device)
Apr 11 19:52:03 localhost kernel: ACPI: Added _OSI(Linux-Dell-Video)
Apr 11 19:52:03 localhost kernel: ACPI: 1 ACPI AML tables successfully acquired and loaded
Apr 11 19:52:03 localhost kernel: ACPI: [Firmware Bug]: BIOS _OSI(Linux) query ignored
Apr 11 19:52:03 localhost kernel: ACPI: Interpreter enabled
Apr 11 19:52:03 localhost kernel: ACPI: (supports S0 S1 S4 S5)
Apr 11 19:52:03 localhost kernel: ACPI: Using IOAPIC for interrupt routing
Apr 11 19:52:03 localhost kernel: PCI: Using host bridge windows from ACPI; if necessary, use "pci=nocrs" and report a bug
Apr 11 19:52:03 localhost kernel: ACPI: Enabled 4 GPEs in block 00 to 0F
Apr 11 19:52:03 localhost kernel: ACPI: PCI Root Bridge [PCI0] (domain 0000 [bus 00-7f])
Apr 11 19:52:03 localhost kernel: acpi PNP0A03:00: _OSC: OS supports [ExtendedConfig ASPM ClockPM Segments MSI]
Apr 11 19:52:03 localhost kernel: acpi PNP0A03:00: _OSC: platform does not support [AER LTR]
Apr 11 19:52:03 localhost kernel: acpi PNP0A03:00: _OSC: OS now controls [PCIeHotplug SHPCHotplug PME PCIeCapability]
Apr 11 19:52:03 localhost kernel: PCI host bridge to bus 0000:00
Apr 11 19:52:03 localhost kernel: pci_bus 0000:00: root bus resource [mem 0x000a0000-0x000bffff window]
Apr 11 19:52:03 localhost kernel: pci_bus 0000:00: root bus resource [mem 0x000cc000-0x000cffff window]
Apr 11 19:52:03 localhost kernel: pci_bus 0000:00: root bus resource [mem 0x000d0000-0x000d3fff window]
Apr 11 19:52:03 localhost kernel: pci_bus 0000:00: root bus resource [mem 0x000d4000-0x000d7fff window]
Apr 11 19:52:03 localhost kernel: pci_bus 0000:00: root bus resource [mem 0x000d8000-0x000dbfff window]
Apr 11 19:52:03 localhost kernel: pci_bus 0000:00: root bus resource [mem 0xc0000000-0xfebfffff window]
Apr 11 19:52:03 localhost kernel: pci_bus 0000:00: root bus resource [io  0x0000-0x0cf7 window]
Apr 11 19:52:03 localhost kernel: pci_bus 0000:00: root bus resource [io  0x0d00-0xfeff window]
Apr 11 19:52:03 localhost kernel: pci_bus 0000:00: root bus resource [bus 00-7f]
Apr 11 19:52:03 localhost kernel: pci 0000:00:07.1: legacy IDE quirk: reg 0x10: [io  0x01f0-0x01f7]
Apr 11 19:52:03 localhost kernel: pci 0000:00:07.1: legacy IDE quirk: reg 0x14: [io  0x03f6]
Apr 11 19:52:03 localhost kernel: pci 0000:00:07.1: legacy IDE quirk: reg 0x18: [io  0x0170-0x0177]
Apr 11 19:52:03 localhost kernel: pci 0000:00:07.1: legacy IDE quirk: reg 0x1c: [io  0x0376]
Apr 11 19:52:03 localhost kernel: pci 0000:00:07.3: quirk: [io  0x1000-0x103f] claimed by PIIX4 ACPI
Apr 11 19:52:03 localhost kernel: pci 0000:00:07.3: quirk: [io  0x1040-0x104f] claimed by PIIX4 SMB
Apr 11 19:52:03 localhost kernel: pci_bus 0000:01: extended config space not accessible
Apr 11 19:52:03 localhost kernel: pci 0000:00:01.0: PCI bridge to [bus 01]
Apr 11 19:52:03 localhost kernel: pci_bus 0000:02: extended config space not accessible
Apr 11 19:52:03 localhost kernel: acpiphp: Slot [32] registered
Apr 11 19:52:03 localhost kernel: acpiphp: Slot [33] registered
Apr 11 19:52:03 localhost kernel: acpiphp: Slot [34] registered
Apr 11 19:52:03 localhost kernel: acpiphp: Slot [35] registered
Apr 11 19:52:03 localhost kernel: acpiphp: Slot [36] registered
Apr 11 19:52:03 localhost kernel: acpiphp: Slot [37] registered
Apr 11 19:52:03 localhost kernel: acpiphp: Slot [38] registered
Apr 11 19:52:03 localhost kernel: acpiphp: Slot [39] registered
Apr 11 19:52:03 localhost kernel: acpiphp: Slot [40] registered
Apr 11 19:52:03 localhost kernel: acpiphp: Slot [41] registered
Apr 11 19:52:03 localhost kernel: acpiphp: Slot [42] registered
Apr 11 19:52:03 localhost kernel: acpiphp: Slot [43] registered
Apr 11 19:52:03 localhost kernel: acpiphp: Slot [44] registered
Apr 11 19:52:03 localhost kernel: acpiphp: Slot [45] registered
Apr 11 19:52:03 localhost kernel: acpiphp: Slot [46] registered
Apr 11 19:52:03 localhost kernel: acpiphp: Slot [47] registered
Apr 11 19:52:03 localhost kernel: acpiphp: Slot [48] registered
Apr 11 19:52:03 localhost kernel: acpiphp: Slot [49] registered
Apr 11 19:52:03 localhost kernel: acpiphp: Slot [50] registered
Apr 11 19:52:03 localhost kernel: acpiphp: Slot [51] registered
Apr 11 19:52:03 localhost kernel: acpiphp: Slot [52] registered
Apr 11 19:52:03 localhost kernel: acpiphp: Slot [53] registered
Apr 11 19:52:03 localhost kernel: acpiphp: Slot [54] registered
Apr 11 19:52:03 localhost kernel: acpiphp: Slot [55] registered
Apr 11 19:52:03 localhost kernel: acpiphp: Slot [56] registered
Apr 11 19:52:03 localhost kernel: acpiphp: Slot [57] registered
Apr 11 19:52:03 localhost kernel: acpiphp: Slot [58] registered
Apr 11 19:52:03 localhost kernel: acpiphp: Slot [59] registered
Apr 11 19:52:03 localhost kernel: acpiphp: Slot [60] registered
Apr 11 19:52:03 localhost kernel: acpiphp: Slot [61] registered
Apr 11 19:52:03 localhost kernel: acpiphp: Slot [62] registered
Apr 11 19:52:03 localhost kernel: acpiphp: Slot [63] registered
Apr 11 19:52:03 localhost kernel: pci 0000:00:11.0: PCI bridge to [bus 02] (subtractive decode)
Apr 11 19:52:03 localhost kernel: pci 0000:00:15.0: PCI bridge to [bus 03]
Apr 11 19:52:03 localhost kernel: pci 0000:00:15.1: PCI bridge to [bus 04]
Apr 11 19:52:03 localhost kernel: pci 0000:00:15.2: PCI bridge to [bus 05]
Apr 11 19:52:03 localhost kernel: pci 0000:00:15.3: PCI bridge to [bus 06]
Apr 11 19:52:03 localhost kernel: pci 0000:00:15.4: PCI bridge to [bus 07]
Apr 11 19:52:03 localhost kernel: pci 0000:00:15.5: PCI bridge to [bus 08]
Apr 11 19:52:03 localhost kernel: pci 0000:00:15.6: PCI bridge to [bus 09]
Apr 11 19:52:03 localhost kernel: pci 0000:00:15.7: PCI bridge to [bus 0a]
Apr 11 19:52:03 localhost kernel: pci 0000:00:16.0: PCI bridge to [bus 0b]
Apr 11 19:52:03 localhost kernel: pci 0000:00:16.1: PCI bridge to [bus 0c]
Apr 11 19:52:03 localhost kernel: pci 0000:00:16.2: PCI bridge to [bus 0d]
Apr 11 19:52:03 localhost kernel: pci 0000:00:16.3: PCI bridge to [bus 0e]
Apr 11 19:52:03 localhost kernel: pci 0000:00:16.4: PCI bridge to [bus 0f]
Apr 11 19:52:03 localhost kernel: pci 0000:00:16.5: PCI bridge to [bus 10]
Apr 11 19:52:03 localhost kernel: pci 0000:00:16.6: PCI bridge to [bus 11]
Apr 11 19:52:03 localhost kernel: pci 0000:00:16.7: PCI bridge to [bus 12]
Apr 11 19:52:03 localhost kernel: pci 0000:00:17.0: PCI bridge to [bus 13]
Apr 11 19:52:03 localhost kernel: pci 0000:00:17.1: PCI bridge to [bus 14]
Apr 11 19:52:03 localhost kernel: pci 0000:00:17.2: PCI bridge to [bus 15]
Apr 11 19:52:03 localhost kernel: pci 0000:00:17.3: PCI bridge to [bus 16]
Apr 11 19:52:03 localhost kernel: pci 0000:00:17.4: PCI bridge to [bus 17]
Apr 11 19:52:03 localhost kernel: pci 0000:00:17.5: PCI bridge to [bus 18]
Apr 11 19:52:03 localhost kernel: pci 0000:00:17.6: PCI bridge to [bus 19]
Apr 11 19:52:03 localhost kernel: pci 0000:00:17.7: PCI bridge to [bus 1a]
Apr 11 19:52:03 localhost kernel: pci 0000:00:18.0: PCI bridge to [bus 1b]
Apr 11 19:52:03 localhost kernel: pci 0000:00:18.1: PCI bridge to [bus 1c]
Apr 11 19:52:03 localhost kernel: pci 0000:00:18.2: PCI bridge to [bus 1d]
Apr 11 19:52:03 localhost kernel: pci 0000:00:18.3: PCI bridge to [bus 1e]
Apr 11 19:52:03 localhost kernel: pci 0000:00:18.4: PCI bridge to [bus 1f]
Apr 11 19:52:03 localhost kernel: pci 0000:00:18.5: PCI bridge to [bus 20]
Apr 11 19:52:03 localhost kernel: pci 0000:00:18.6: PCI bridge to [bus 21]
Apr 11 19:52:03 localhost kernel: pci 0000:00:18.7: PCI bridge to [bus 22]
Apr 11 19:52:03 localhost kernel: ACPI: PCI Interrupt Link [LNKA] (IRQs 3 4 5 6 7 *9 10 11 14 15)
Apr 11 19:52:03 localhost kernel: ACPI: PCI Interrupt Link [LNKB] (IRQs 3 4 5 6 7 9 10 *11 14 15)
Apr 11 19:52:03 localhost kernel: ACPI: PCI Interrupt Link [LNKC] (IRQs 3 4 5 6 7 9 *10 11 14 15)
Apr 11 19:52:03 localhost kernel: ACPI: PCI Interrupt Link [LNKD] (IRQs 3 4 5 6 *7 9 10 11 14 15)
Apr 11 19:52:03 localhost kernel: pci 0000:00:0f.0: vgaarb: setting as boot VGA device
Apr 11 19:52:03 localhost kernel: pci 0000:00:0f.0: vgaarb: VGA device added: decodes=io+mem,owns=io+mem,locks=none
Apr 11 19:52:03 localhost kernel: pci 0000:00:0f.0: vgaarb: bridge control possible
Apr 11 19:52:03 localhost kernel: vgaarb: loaded
Apr 11 19:52:03 localhost kernel: SCSI subsystem initialized
Apr 11 19:52:03 localhost kernel: ACPI: bus type USB registered
Apr 11 19:52:03 localhost kernel: usbcore: registered new interface driver usbfs
Apr 11 19:52:03 localhost kernel: usbcore: registered new interface driver hub
Apr 11 19:52:03 localhost kernel: usbcore: registered new device driver usb
Apr 11 19:52:03 localhost kernel: pps_core: LinuxPPS API ver. 1 registered
Apr 11 19:52:03 localhost kernel: pps_core: Software ver. 5.3.6 - Copyright 2005-2007 Rodolfo Giometti <giometti@linux.it>
Apr 11 19:52:03 localhost kernel: PTP clock support registered
Apr 11 19:52:03 localhost kernel: EDAC MC: Ver: 3.0.0
Apr 11 19:52:03 localhost kernel: PCI: Using ACPI for IRQ routing
Apr 11 19:52:03 localhost kernel: NetLabel: Initializing
Apr 11 19:52:03 localhost kernel: NetLabel:  domain hash size = 128
Apr 11 19:52:03 localhost kernel: NetLabel:  protocols = UNLABELED CIPSOv4 CALIPSO
Apr 11 19:52:03 localhost kernel: NetLabel:  unlabeled traffic allowed by default
Apr 11 19:52:03 localhost kernel: clocksource: Switched to clocksource tsc-early
Apr 11 19:52:03 localhost kernel: VFS: Disk quotas dquot_6.6.0
Apr 11 19:52:03 localhost kernel: VFS: Dquot-cache hash table entries: 512 (order 0, 4096 bytes)
Apr 11 19:52:03 localhost kernel: pnp: PnP ACPI init
Apr 11 19:52:03 localhost kernel: system 00:00: [io  0x1000-0x103f] has been reserved
Apr 11 19:52:03 localhost kernel: system 00:00: [io  0x1040-0x104f] has been reserved
Apr 11 19:52:03 localhost kernel: system 00:00: [io  0x0cf0-0x0cf1] has been reserved
Apr 11 19:52:03 localhost kernel: system 00:04: [io  0xfce0-0xfcff] has been reserved
Apr 11 19:52:03 localhost kernel: system 00:04: [mem 0xf0000000-0xf7ffffff] has been reserved
Apr 11 19:52:03 localhost kernel: system 00:04: [mem 0xfe800000-0xfe9fffff] has been reserved
Apr 11 19:52:03 localhost kernel: pnp: PnP ACPI: found 5 devices
Apr 11 19:52:03 localhost kernel: clocksource: acpi_pm: mask: 0xffffff max_cycles: 0xffffff, max_idle_ns: 2085701024 ns
Apr 11 19:52:03 localhost kernel: pci 0000:00:0f.0: BAR 6: assigned [mem 0xc0000000-0xc0007fff pref]
